Archive member included to satisfy reference by file (symbol)

/Applications/STM32CubeIDE.app/Contents/Eclipse/plugins/com.st.stm32cube.ide.mcu.externaltools.gnu-tools-for-stm32.7-2018-q2-update.macos64_1.0.0.201904181610/tools/bin/../lib/gcc/arm-none-eabi/7.3.1/../../../../arm-none-eabi/lib/thumb/v7e-m/fpv5/hard/libc_nano.a(lib_a-errno.o)
                              Core/Src/syscalls.o (__errno)
/Applications/STM32CubeIDE.app/Contents/Eclipse/plugins/com.st.stm32cube.ide.mcu.externaltools.gnu-tools-for-stm32.7-2018-q2-update.macos64_1.0.0.201904181610/tools/bin/../lib/gcc/arm-none-eabi/7.3.1/../../../../arm-none-eabi/lib/thumb/v7e-m/fpv5/hard/libc_nano.a(lib_a-exit.o)
                              /Applications/STM32CubeIDE.app/Contents/Eclipse/plugins/com.st.stm32cube.ide.mcu.externaltools.gnu-tools-for-stm32.7-2018-q2-update.macos64_1.0.0.201904181610/tools/bin/../lib/gcc/arm-none-eabi/7.3.1/../../../../arm-none-eabi/lib/thumb/v7e-m/fpv5/hard/crt0.o (exit)
/Applications/STM32CubeIDE.app/Contents/Eclipse/plugins/com.st.stm32cube.ide.mcu.externaltools.gnu-tools-for-stm32.7-2018-q2-update.macos64_1.0.0.201904181610/tools/bin/../lib/gcc/arm-none-eabi/7.3.1/../../../../arm-none-eabi/lib/thumb/v7e-m/fpv5/hard/libc_nano.a(lib_a-impure.o)
                              /Applications/STM32CubeIDE.app/Contents/Eclipse/plugins/com.st.stm32cube.ide.mcu.externaltools.gnu-tools-for-stm32.7-2018-q2-update.macos64_1.0.0.201904181610/tools/bin/../lib/gcc/arm-none-eabi/7.3.1/../../../../arm-none-eabi/lib/thumb/v7e-m/fpv5/hard/libc_nano.a(lib_a-exit.o) (_global_impure_ptr)
/Applications/STM32CubeIDE.app/Contents/Eclipse/plugins/com.st.stm32cube.ide.mcu.externaltools.gnu-tools-for-stm32.7-2018-q2-update.macos64_1.0.0.201904181610/tools/bin/../lib/gcc/arm-none-eabi/7.3.1/../../../../arm-none-eabi/lib/thumb/v7e-m/fpv5/hard/libc_nano.a(lib_a-init.o)
                              /Applications/STM32CubeIDE.app/Contents/Eclipse/plugins/com.st.stm32cube.ide.mcu.externaltools.gnu-tools-for-stm32.7-2018-q2-update.macos64_1.0.0.201904181610/tools/bin/../lib/gcc/arm-none-eabi/7.3.1/../../../../arm-none-eabi/lib/thumb/v7e-m/fpv5/hard/crt0.o (__libc_init_array)
/Applications/STM32CubeIDE.app/Contents/Eclipse/plugins/com.st.stm32cube.ide.mcu.externaltools.gnu-tools-for-stm32.7-2018-q2-update.macos64_1.0.0.201904181610/tools/bin/../lib/gcc/arm-none-eabi/7.3.1/../../../../arm-none-eabi/lib/thumb/v7e-m/fpv5/hard/libc_nano.a(lib_a-memset.o)
                              /Applications/STM32CubeIDE.app/Contents/Eclipse/plugins/com.st.stm32cube.ide.mcu.externaltools.gnu-tools-for-stm32.7-2018-q2-update.macos64_1.0.0.201904181610/tools/bin/../lib/gcc/arm-none-eabi/7.3.1/../../../../arm-none-eabi/lib/thumb/v7e-m/fpv5/hard/crt0.o (memset)
/Applications/STM32CubeIDE.app/Contents/Eclipse/plugins/com.st.stm32cube.ide.mcu.externaltools.gnu-tools-for-stm32.7-2018-q2-update.macos64_1.0.0.201904181610/tools/bin/../lib/gcc/arm-none-eabi/7.3.1/../../../../arm-none-eabi/lib/thumb/v7e-m/fpv5/hard/libc_nano.a(lib_a-rand.o)
                              Core/Src/main.o (srand)
/Applications/STM32CubeIDE.app/Contents/Eclipse/plugins/com.st.stm32cube.ide.mcu.externaltools.gnu-tools-for-stm32.7-2018-q2-update.macos64_1.0.0.201904181610/tools/bin/../lib/gcc/arm-none-eabi/7.3.1/../../../../arm-none-eabi/lib/thumb/v7e-m/fpv5/hard/libc_nano.a(lib_a-malloc.o)
                              /Applications/STM32CubeIDE.app/Contents/Eclipse/plugins/com.st.stm32cube.ide.mcu.externaltools.gnu-tools-for-stm32.7-2018-q2-update.macos64_1.0.0.201904181610/tools/bin/../lib/gcc/arm-none-eabi/7.3.1/../../../../arm-none-eabi/lib/thumb/v7e-m/fpv5/hard/libc_nano.a(lib_a-rand.o) (malloc)
/Applications/STM32CubeIDE.app/Contents/Eclipse/plugins/com.st.stm32cube.ide.mcu.externaltools.gnu-tools-for-stm32.7-2018-q2-update.macos64_1.0.0.201904181610/tools/bin/../lib/gcc/arm-none-eabi/7.3.1/../../../../arm-none-eabi/lib/thumb/v7e-m/fpv5/hard/libc_nano.a(lib_a-nano-freer.o)
                              /Applications/STM32CubeIDE.app/Contents/Eclipse/plugins/com.st.stm32cube.ide.mcu.externaltools.gnu-tools-for-stm32.7-2018-q2-update.macos64_1.0.0.201904181610/tools/bin/../lib/gcc/arm-none-eabi/7.3.1/../../../../arm-none-eabi/lib/thumb/v7e-m/fpv5/hard/libc_nano.a(lib_a-malloc.o) (_free_r)
/Applications/STM32CubeIDE.app/Contents/Eclipse/plugins/com.st.stm32cube.ide.mcu.externaltools.gnu-tools-for-stm32.7-2018-q2-update.macos64_1.0.0.201904181610/tools/bin/../lib/gcc/arm-none-eabi/7.3.1/../../../../arm-none-eabi/lib/thumb/v7e-m/fpv5/hard/libc_nano.a(lib_a-nano-mallocr.o)
                              /Applications/STM32CubeIDE.app/Contents/Eclipse/plugins/com.st.stm32cube.ide.mcu.externaltools.gnu-tools-for-stm32.7-2018-q2-update.macos64_1.0.0.201904181610/tools/bin/../lib/gcc/arm-none-eabi/7.3.1/../../../../arm-none-eabi/lib/thumb/v7e-m/fpv5/hard/libc_nano.a(lib_a-malloc.o) (_malloc_r)
[...]
Memory Configuration

Name             Origin             Length             Attributes
DTCMRAM          0x0000000020000000 0x0000000000020000 xrw
ITCMRAM          0x0000000000000000 0x0000000000010000 xrw
RAM_D1           0x0000000024000000 0x0000000000080000 xrw
RAM_D2           0x0000000030000000 0x0000000000048000 xrw
RAM_D3           0x0000000038000000 0x0000000000010000 xrw
FLASH            0x0000000008000000 0x0000000000020000 xr
*default*        0x0000000000000000 0xffffffffffffffff

Linker script and memory map

LOAD /Applications/STM32CubeIDE.app/Contents/Eclipse/plugins/com.st.stm32cube.ide.mcu.externaltools.gnu-tools-for-stm32.7-2018-q2-update.macos64_1.0.0.201904181610/tools/bin/../lib/gcc/arm-none-eabi/7.3.1/thumb/v7e-m/fpv5/hard/crti.o
LOAD /Applications/STM32CubeIDE.app/Contents/Eclipse/plugins/com.st.stm32cube.ide.mcu.externaltools.gnu-tools-for-stm32.7-2018-q2-update.macos64_1.0.0.201904181610/tools/bin/../lib/gcc/arm-none-eabi/7.3.1/thumb/v7e-m/fpv5/hard/crtbegin.o
LOAD /Applications/STM32CubeIDE.app/Contents/Eclipse/plugins/com.st.stm32cube.ide.mcu.externaltools.gnu-tools-for-stm32.7-2018-q2-update.macos64_1.0.0.201904181610/tools/bin/../lib/gcc/arm-none-eabi/7.3.1/../../../../arm-none-eabi/lib/thumb/v7e-m/fpv5/hard/crt0.o
LOAD Core/Src/main.o
LOAD Core/Src/stm32h7xx_hal_msp.o
LOAD Core/Src/stm32h7xx_hal_timebase_tim.o
LOAD Core/Src/stm32h7xx_it.o
LOAD Core/Src/syscalls.o
LOAD Core/Src/sysmem.o
LOAD Core/Src/system_stm32h7xx.o
LOAD Core/Startup/startup_stm32h750ibkx.o
LOAD Drivers/STM32H7xx_HAL_Driver/Src/stm32h7xx_hal.o
LOAD Drivers/STM32H7xx_HAL_Driver/Src/stm32h7xx_hal_adc.o
LOAD Drivers/STM32H7xx_HAL_Driver/Src/stm32h7xx_hal_adc_ex.o
LOAD Drivers/STM32H7xx_HAL_Driver/Src/stm32h7xx_hal_cortex.o
LOAD Drivers/STM32H7xx_HAL_Driver/Src/stm32h7xx_hal_dma.o
LOAD Drivers/STM32H7xx_HAL_Driver/Src/stm32h7xx_hal_dma_ex.o
LOAD Drivers/STM32H7xx_HAL_Driver/Src/stm32h7xx_hal_eth.o
LOAD Drivers/STM32H7xx_HAL_Driver/Src/stm32h7xx_hal_eth_ex.o
LOAD Drivers/STM32H7xx_HAL_Driver/Src/stm32h7xx_hal_exti.o
LOAD Drivers/STM32H7xx_HAL_Driver/Src/stm32h7xx_hal_flash.o
LOAD Drivers/STM32H7xx_HAL_Driver/Src/stm32h7xx_hal_flash_ex.o
LOAD Drivers/STM32H7xx_HAL_Driver/Src/stm32h7xx_hal_gpio.o
LOAD Drivers/STM32H7xx_HAL_Driver/Src/stm32h7xx_hal_hsem.o
LOAD Drivers/STM32H7xx_HAL_Driver/Src/stm32h7xx_hal_i2c.o
LOAD Drivers/STM32H7xx_HAL_Driver/Src/stm32h7xx_hal_i2c_ex.o
LOAD Drivers/STM32H7xx_HAL_Driver/Src/stm32h7xx_hal_i2s.o
LOAD Drivers/STM32H7xx_HAL_Driver/Src/stm32h7xx_hal_i2s_ex.o
LOAD Drivers/STM32H7xx_HAL_Driver/Src/stm32h7xx_hal_mdma.o
LOAD Drivers/STM32H7xx_HAL_Driver/Src/stm32h7xx_hal_pwr.o
LOAD Drivers/STM32H7xx_HAL_Driver/Src/stm32h7xx_hal_pwr_ex.o
LOAD Drivers/STM32H7xx_HAL_Driver/Src/stm32h7xx_hal_qspi.o
LOAD Drivers/STM32H7xx_HAL_Driver/Src/stm32h7xx_hal_rcc.o
LOAD Drivers/STM32H7xx_HAL_Driver/Src/stm32h7xx_hal_rcc_ex.o
LOAD Drivers/STM32H7xx_HAL_Driver/Src/stm32h7xx_hal_sai.o
LOAD Drivers/STM32H7xx_HAL_Driver/Src/stm32h7xx_hal_sai_ex.o
LOAD Drivers/STM32H7xx_HAL_Driver/Src/stm32h7xx_hal_sd.o
LOAD Drivers/STM32H7xx_HAL_Driver/Src/stm32h7xx_hal_sd_ex.o
LOAD Drivers/STM32H7xx_HAL_Driver/Src/stm32h7xx_hal_sdram.o
LOAD Drivers/STM32H7xx_HAL_Driver/Src/stm32h7xx_hal_spi.o
LOAD Drivers/STM32H7xx_HAL_Driver/Src/stm32h7xx_hal_spi_ex.o
LOAD Drivers/STM32H7xx_HAL_Driver/Src/stm32h7xx_hal_tim.o
LOAD Drivers/STM32H7xx_HAL_Driver/Src/stm32h7xx_hal_tim_ex.o
LOAD Drivers/STM32H7xx_HAL_Driver/Src/stm32h7xx_hal_uart.o
LOAD Drivers/STM32H7xx_HAL_Driver/Src/stm32h7xx_hal_uart_ex.o
LOAD Drivers/STM32H7xx_HAL_Driver/Src/stm32h7xx_ll_delayblock.o
LOAD Drivers/STM32H7xx_HAL_Driver/Src/stm32h7xx_ll_fmc.o
LOAD Drivers/STM32H7xx_HAL_Driver/Src/stm32h7xx_ll_sdmmc.o
START GROUP
LOAD /Applications/STM32CubeIDE.app/Contents/Eclipse/plugins/com.st.stm32cube.ide.mcu.externaltools.gnu-tools-for-stm32.7-2018-q2-update.macos64_1.0.0.201904181610/tools/bin/../lib/gcc/arm-none-eabi/7.3.1/../../../../arm-none-eabi/lib/thumb/v7e-m/fpv5/hard/libstdc++_nano.a
LOAD /Applications/STM32CubeIDE.app/Contents/Eclipse/plugins/com.st.stm32cube.ide.mcu.externaltools.gnu-tools-for-stm32.7-2018-q2-update.macos64_1.0.0.201904181610/tools/bin/../lib/gcc/arm-none-eabi/7.3.1/../../../../arm-none-eabi/lib/thumb/v7e-m/fpv5/hard/libsupc++_nano.a
END GROUP
LOAD /Applications/STM32CubeIDE.app/Contents/Eclipse/plugins/com.st.stm32cube.ide.mcu.externaltools.gnu-tools-for-stm32.7-2018-q2-update.macos64_1.0.0.201904181610/tools/bin/../lib/gcc/arm-none-eabi/7.3.1/../../../../arm-none-eabi/lib/thumb/v7e-m/fpv5/hard/libstdc++_nano.a
LOAD /Applications/STM32CubeIDE.app/Contents/Eclipse/plugins/com.st.stm32cube.ide.mcu.externaltools.gnu-tools-for-stm32.7-2018-q2-update.macos64_1.0.0.201904181610/tools/bin/../lib/gcc/arm-none-eabi/7.3.1/../../../../arm-none-eabi/lib/thumb/v7e-m/fpv5/hard/libm.a
LOAD /Applications/STM32CubeIDE.app/Contents/Eclipse/plugins/com.st.stm32cube.ide.mcu.externaltools.gnu-tools-for-stm32.7-2018-q2-update.macos64_1.0.0.201904181610/tools/bin/../lib/gcc/arm-none-eabi/7.3.1/../../../../arm-none-eabi/lib/thumb/v7e-m/fpv5/hard/libc_nano.a
START GROUP
LOAD /Applications/STM32CubeIDE.app/Contents/Eclipse/plugins/com.st.stm32cube.ide.mcu.externaltools.gnu-tools-for-stm32.7-2018-q2-update.macos64_1.0.0.201904181610/tools/bin/../lib/gcc/arm-none-eabi/7.3.1/thumb/v7e-m/fpv5/hard/libgcc.a
LOAD /Applications/STM32CubeIDE.app/Contents/Eclipse/plugins/com.st.stm32cube.ide.mcu.externaltools.gnu-tools-for-stm32.7-2018-q2-update.macos64_1.0.0.201904181610/tools/bin/../lib/gcc/arm-none-eabi/7.3.1/../../../../arm-none-eabi/lib/thumb/v7e-m/fpv5/hard/libc_nano.a
END GROUP
START GROUP
LOAD /Applications/STM32CubeIDE.app/Contents/Eclipse/plugins/com.st.stm32cube.ide.mcu.externaltools.gnu-tools-for-stm32.7-2018-q2-update.macos64_1.0.0.201904181610/tools/bin/../lib/gcc/arm-none-eabi/7.3.1/thumb/v7e-m/fpv5/hard/libgcc.a
LOAD /Applications/STM32CubeIDE.app/Contents/Eclipse/plugins/com.st.stm32cube.ide.mcu.externaltools.gnu-tools-for-stm32.7-2018-q2-update.macos64_1.0.0.201904181610/tools/bin/../lib/gcc/arm-none-eabi/7.3.1/../../../../arm-none-eabi/lib/thumb/v7e-m/fpv5/hard/libc_nano.a
LOAD /Applications/STM32CubeIDE.app/Contents/Eclipse/plugins/com.st.stm32cube.ide.mcu.externaltools.gnu-tools-for-stm32.7-2018-q2-update.macos64_1.0.0.201904181610/tools/bin/../lib/gcc/arm-none-eabi/7.3.1/../../../../arm-none-eabi/lib/thumb/v7e-m/fpv5/hard/libnosys.a
END GROUP
START GROUP
LOAD /Applications/STM32CubeIDE.app/Contents/Eclipse/plugins/com.st.stm32cube.ide.mcu.externaltools.gnu-tools-for-stm32.7-2018-q2-update.macos64_1.0.0.201904181610/tools/bin/../lib/gcc/arm-none-eabi/7.3.1/thumb/v7e-m/fpv5/hard/libgcc.a
LOAD /Applications/STM32CubeIDE.app/Contents/Eclipse/plugins/com.st.stm32cube.ide.mcu.externaltools.gnu-tools-for-stm32.7-2018-q2-update.macos64_1.0.0.201904181610/tools/bin/../lib/gcc/arm-none-eabi/7.3.1/../../../../arm-none-eabi/lib/thumb/v7e-m/fpv5/hard/libc_nano.a
LOAD /Applications/STM32CubeIDE.app/Contents/Eclipse/plugins/com.st.stm32cube.ide.mcu.externaltools.gnu-tools-for-stm32.7-2018-q2-update.macos64_1.0.0.201904181610/tools/bin/../lib/gcc/arm-none-eabi/7.3.1/../../../../arm-none-eabi/lib/thumb/v7e-m/fpv5/hard/libnosys.a
END GROUP
LOAD /Applications/STM32CubeIDE.app/Contents/Eclipse/plugins/com.st.stm32cube.ide.mcu.externaltools.gnu-tools-for-stm32.7-2018-q2-update.macos64_1.0.0.201904181610/tools/bin/../lib/gcc/arm-none-eabi/7.3.1/thumb/v7e-m/fpv5/hard/crtend.o
LOAD /Applications/STM32CubeIDE.app/Contents/Eclipse/plugins/com.st.stm32cube.ide.mcu.externaltools.gnu-tools-for-stm32.7-2018-q2-update.macos64_1.0.0.201904181610/tools/bin/../lib/gcc/arm-none-eabi/7.3.1/thumb/v7e-m/fpv5/hard/crtn.o
                0x0000000024080000                _estack = (ORIGIN (RAM_D1) + LENGTH (RAM_D1))
                0x0000000000001000                _Min_Heap_Size = 0x1000
                0x0000000000001900                _Min_Stack_Size = 0x1900

.isr_vector     0x0000000008000000      0x298
                0x0000000008000000                . = ALIGN (0x4)
 *(.isr_vector)
 .isr_vector    0x0000000008000000      0x298 Core/Startup/startup_stm32h750ibkx.o
                0x0000000008000000                g_pfnVectors
                0x0000000008000298                . = ALIGN (0x4)

.text           0x0000000008000298    0x10e14
                0x0000000008000298                . = ALIGN (0x4)
 *(.text)
 .text          0x0000000008000298       0x40 /Applications/STM32CubeIDE.app/Contents/Eclipse/plugins/com.st.stm32cube.ide.mcu.externaltools.gnu-tools-for-stm32.7-2018-q2-update.macos64_1.0.0.201904181610/tools/bin/../lib/gcc/arm-none-eabi/7.3.1/thumb/v7e-m/fpv5/hard/crtbegin.o
 .text          0x00000000080002d8       0x30 /Applications/STM32CubeIDE.app/Contents/Eclipse/plugins/com.st.stm32cube.ide.mcu.externaltools.gnu-tools-for-stm32.7-2018-q2-update.macos64_1.0.0.201904181610/tools/bin/../lib/gcc/arm-none-eabi/7.3.1/thumb/v7e-m/fpv5/hard/libgcc.a(_aeabi_uldivmod.o)
                0x00000000080002d8                __aeabi_uldivmod
 .text          0x0000000008000308      0x2cc /Applications/STM32CubeIDE.app/Contents/Eclipse/plugins/com.st.stm32cube.ide.mcu.externaltools.gnu-tools-for-stm32.7-2018-q2-update.macos64_1.0.0.201904181610/tools/bin/../lib/gcc/arm-none-eabi/7.3.1/thumb/v7e-m/fpv5/hard/libgcc.a(_udivmoddi4.o)
                0x0000000008000308                __udivmoddi4
 .text          0x00000000080005d4        0x4 /Applications/STM32CubeIDE.app/Contents/Eclipse/plugins/com.st.stm32cube.ide.mcu.externaltools.gnu-tools-for-stm32.7-2018-q2-update.macos64_1.0.0.201904181610/tools/bin/../lib/gcc/arm-none-eabi/7.3.1/thumb/v7e-m/fpv5/hard/libgcc.a(_dvmd_tls.o)
                0x00000000080005d4                __aeabi_ldiv0
                0x00000000080005d4                __aeabi_idiv0
 *(.text*)
 .text.SCB_EnableICache
                0x00000000080005d8       0x40 Core/Src/main.o
 .text.SCB_EnableDCache
                0x0000000008000618       0x80 Core/Src/main.o
 .text.main     0x0000000008000698      0x10c Core/Src/main.o
                0x0000000008000698                main
 .text.SystemClock_Config
                0x00000000080007a4      0x2a8 Core/Src/main.o
                0x00000000080007a4                SystemClock_Config
 .text.MX_ADC1_Init
                0x0000000008000a4c       0xf0 Core/Src/main.o
 .text.MX_ADC2_Init
                0x0000000008000b3c       0xc8 Core/Src/main.o
 .text.MX_ADC3_Init
                0x0000000008000c04       0xe0 Core/Src/main.o
 .text.MX_ETH_Init
                0x0000000008000ce4       0xa4 Core/Src/main.o
 .text.MX_I2C1_Init
                0x0000000008000d88       0x80 Core/Src/main.o
 .text.MX_I2C2_Init
                0x0000000008000e08       0x80 Core/Src/main.o
 .text.MX_I2S2_Init
                0x0000000008000e88       0x68 Core/Src/main.o
 .text.MX_QUADSPI_Init
                0x0000000008000ef0       0x58 Core/Src/main.o
 .text.MX_SAI1_Init
                0x0000000008000f48       0xcc Core/Src/main.o
 .text.MX_SAI2_Init
                0x0000000008001014       0x70 Core/Src/main.o
 .text.MX_SDMMC1_SD_Init
                0x0000000008001084       0x50 Core/Src/main.o
 .text.MX_SPI1_Init
                0x00000000080010d4       0xac Core/Src/main.o
 .text.MX_USART6_UART_Init
                0x0000000008001180       0x98 Core/Src/main.o
 .text.MX_BDMA_Init
                0x0000000008001218       0x40 Core/Src/main.o
 .text.MX_DMA_Init
                0x0000000008001258       0x70 Core/Src/main.o
 .text.MX_FMC_Init
                0x00000000080012c8       0xa0 Core/Src/main.o
 .text.MX_GPIO_Init
                0x0000000008001368      0x274 Core/Src/main.o
 .text.HAL_TIM_PeriodElapsedCallback
                0x00000000080015dc       0x24 Core/Src/main.o
                0x00000000080015dc                HAL_TIM_PeriodElapsedCallback
 .text.Error_Handler
                0x0000000008001600        0xe Core/Src/main.o
                0x0000000008001600                Error_Handler
 *fill*         0x000000000800160e        0x2 
 .text.HAL_MspInit
                0x0000000008001610       0x34 Core/Src/stm32h7xx_hal_msp.o
                0x0000000008001610                HAL_MspInit
 .text.HAL_ADC_MspInit
                0x0000000008001644      0x28c Core/Src/stm32h7xx_hal_msp.o
                0x0000000008001644                HAL_ADC_MspInit
 .text.HAL_ETH_MspInit
                0x00000000080018d0      0x158 Core/Src/stm32h7xx_hal_msp.o
                0x00000000080018d0                HAL_ETH_MspInit
 .text.HAL_I2C_MspInit
                0x0000000008001a28      0x120 Core/Src/stm32h7xx_hal_msp.o
                0x0000000008001a28                HAL_I2C_MspInit
 .text.HAL_I2S_MspInit
                0x0000000008001b48      0x1a8 Core/Src/stm32h7xx_hal_msp.o
                0x0000000008001b48                HAL_I2S_MspInit
 .text.HAL_QSPI_MspInit
                0x0000000008001cf0      0x138 Core/Src/stm32h7xx_hal_msp.o
                0x0000000008001cf0                HAL_QSPI_MspInit
 .text.HAL_SD_MspInit
                0x0000000008001e28       0xd8 Core/Src/stm32h7xx_hal_msp.o
                0x0000000008001e28                HAL_SD_MspInit
 .text.HAL_SPI_MspInit
                0x0000000008001f00       0xf4 Core/Src/stm32h7xx_hal_msp.o
                0x0000000008001f00                HAL_SPI_MspInit
 .text.HAL_UART_MspInit
                0x0000000008001ff4       0xe8 Core/Src/stm32h7xx_hal_msp.o
                0x0000000008001ff4                HAL_UART_MspInit
 .text.HAL_FMC_MspInit
                0x00000000080020dc      0x12c Core/Src/stm32h7xx_hal_msp.o
 .text.HAL_SDRAM_MspInit
                0x0000000008002208       0x14 Core/Src/stm32h7xx_hal_msp.o
                0x0000000008002208                HAL_SDRAM_MspInit
 .text.HAL_SAI_MspInit
                0x000000000800221c      0x234 Core/Src/stm32h7xx_hal_msp.o
                0x000000000800221c                HAL_SAI_MspInit
 .text.HAL_InitTick
                0x0000000008002450       0xb8 Core/Src/stm32h7xx_hal_timebase_tim.o
                0x0000000008002450                HAL_InitTick
 .text.NMI_Handler
                0x0000000008002508        0xe Core/Src/stm32h7xx_it.o
                0x0000000008002508                NMI_Handler
 .text.HardFault_Handler
                0x0000000008002516        0x6 Core/Src/stm32h7xx_it.o
                0x0000000008002516                HardFault_Handler
 .text.MemManage_Handler
                0x000000000800251c        0x6 Core/Src/stm32h7xx_it.o
                0x000000000800251c                MemManage_Handler
 .text.BusFault_Handler
                0x0000000008002522        0x6 Core/Src/stm32h7xx_it.o
                0x0000000008002522                BusFault_Handler
 .text.UsageFault_Handler
                0x0000000008002528        0x6 Core/Src/stm32h7xx_it.o
                0x0000000008002528                UsageFault_Handler
 .text.SVC_Handler
                0x000000000800252e        0xe Core/Src/stm32h7xx_it.o
                0x000000000800252e                SVC_Handler
 .text.DebugMon_Handler
                0x000000000800253c        0xe Core/Src/stm32h7xx_it.o
                0x000000000800253c                DebugMon_Handler
 .text.PendSV_Handler
                0x000000000800254a        0xe Core/Src/stm32h7xx_it.o
                0x000000000800254a                PendSV_Handler
 .text.DMA1_Stream0_IRQHandler
                0x0000000008002558       0x14 Core/Src/stm32h7xx_it.o
                0x0000000008002558                DMA1_Stream0_IRQHandler
 .text.DMA1_Stream1_IRQHandler
                0x000000000800256c       0x14 Core/Src/stm32h7xx_it.o
                0x000000000800256c                DMA1_Stream1_IRQHandler
 .text.DMA1_Stream2_IRQHandler
                0x0000000008002580       0x14 Core/Src/stm32h7xx_it.o
                0x0000000008002580                DMA1_Stream2_IRQHandler
 .text.I2C1_EV_IRQHandler
                0x0000000008002594       0x14 Core/Src/stm32h7xx_it.o
                0x0000000008002594                I2C1_EV_IRQHandler
 .text.I2C1_ER_IRQHandler
                0x00000000080025a8       0x14 Core/Src/stm32h7xx_it.o
                0x00000000080025a8                I2C1_ER_IRQHandler
 .text.SPI2_IRQHandler
                0x00000000080025bc       0x14 Core/Src/stm32h7xx_it.o
                0x00000000080025bc                SPI2_IRQHandler
 .text.TIM6_DAC_IRQHandler
                0x00000000080025d0       0x14 Core/Src/stm32h7xx_it.o
                0x00000000080025d0                TIM6_DAC_IRQHandler
 .text.USART6_IRQHandler
                0x00000000080025e4       0x14 Core/Src/stm32h7xx_it.o
                0x00000000080025e4                USART6_IRQHandler
 .text.SAI2_IRQHandler
                0x00000000080025f8       0x14 Core/Src/stm32h7xx_it.o
                0x00000000080025f8                SAI2_IRQHandler
 .text.DMAMUX1_OVR_IRQHandler
                0x000000000800260c       0x14 Core/Src/stm32h7xx_it.o
                0x000000000800260c                DMAMUX1_OVR_IRQHandler
 .text.BDMA_Channel0_IRQHandler
                0x0000000008002620       0x14 Core/Src/stm32h7xx_it.o
                0x0000000008002620                BDMA_Channel0_IRQHandler
 .text._sbrk    0x0000000008002634       0x58 Core/Src/sysmem.o
                0x0000000008002634                _sbrk
 .text.SystemInit
                0x000000000800268c       0xac Core/Src/system_stm32h7xx.o
                0x000000000800268c                SystemInit
 .text.SystemInit_ExtMemCtl
                0x0000000008002738      0x280 Core/Src/system_stm32h7xx.o
 .text.Reset_Handler
                0x00000000080029b8       0x50 Core/Startup/startup_stm32h750ibkx.o
                0x00000000080029b8                Reset_Handler
 .text.Default_Handler
                0x0000000008002a08        0x2 Core/Startup/startup_stm32h750ibkx.o
                0x0000000008002a08                DMA1_Stream3_IRQHandler
                0x0000000008002a08                HASH_RNG_IRQHandler
                0x0000000008002a08                EXTI2_IRQHandler
                0x0000000008002a08                TIM8_CC_IRQHandler
                0x0000000008002a08                HRTIM1_Master_IRQHandler
                0x0000000008002a08                UART8_IRQHandler
                0x0000000008002a08                SPI4_IRQHandler
                0x0000000008002a08                TIM1_CC_IRQHandler
                0x0000000008002a08                BDMA_Channel6_IRQHandler
                0x0000000008002a08                DMA2_Stream5_IRQHandler
                0x0000000008002a08                HRTIM1_FLT_IRQHandler
                0x0000000008002a08                JPEG_IRQHandler
                0x0000000008002a08                DMA1_Stream5_IRQHandler
                0x0000000008002a08                SysTick_Handler
                0x0000000008002a08                BDMA_Channel1_IRQHandler
                0x0000000008002a08                HRTIM1_TIMD_IRQHandler
                0x0000000008002a08                TAMP_STAMP_IRQHandler
                0x0000000008002a08                EXTI3_IRQHandler
                0x0000000008002a08                LPTIM4_IRQHandler
                0x0000000008002a08                TIM8_TRG_COM_TIM14_IRQHandler
                0x0000000008002a08                LPTIM2_IRQHandler
                0x0000000008002a08                DFSDM1_FLT1_IRQHandler
                0x0000000008002a08                DMAMUX2_OVR_IRQHandler
                0x0000000008002a08                TIM8_UP_TIM13_IRQHandler
                0x0000000008002a08                I2C3_ER_IRQHandler
                0x0000000008002a08                DFSDM1_FLT2_IRQHandler
                0x0000000008002a08                MDMA_IRQHandler
                0x0000000008002a08                LPTIM3_IRQHandler
                0x0000000008002a08                HSEM1_IRQHandler
                0x0000000008002a08                EXTI0_IRQHandler
                0x0000000008002a08                I2C2_EV_IRQHandler
                0x0000000008002a08                FPU_IRQHandler
                0x0000000008002a08                OTG_HS_WKUP_IRQHandler
                0x0000000008002a08                FDCAN1_IT1_IRQHandler
                0x0000000008002a08                LTDC_ER_IRQHandler
                0x0000000008002a08                DMA2_Stream2_IRQHandler
                0x0000000008002a08                HRTIM1_TIME_IRQHandler
                0x0000000008002a08                SPI1_IRQHandler
                0x0000000008002a08                DCMI_IRQHandler
                0x0000000008002a08                HRTIM1_TIMC_IRQHandler
                0x0000000008002a08                DMA2_Stream3_IRQHandler
                0x0000000008002a08                DFSDM1_FLT3_IRQHandler
                0x0000000008002a08                TIM17_IRQHandler
                0x0000000008002a08                USART3_IRQHandler
                0x0000000008002a08                BDMA_Channel7_IRQHandler
                0x0000000008002a08                CRYP_IRQHandler
                0x0000000008002a08                LPTIM5_IRQHandler
                0x0000000008002a08                UART5_IRQHandler
                0x0000000008002a08                ADC3_IRQHandler
                0x0000000008002a08                DMA2_Stream0_IRQHandler
                0x0000000008002a08                TIM4_IRQHandler
                0x0000000008002a08                BDMA_Channel2_IRQHandler
                0x0000000008002a08                QUADSPI_IRQHandler
                0x0000000008002a08                DMA1_Stream6_IRQHandler
                0x0000000008002a08                TIM16_IRQHandler
                0x0000000008002a08                UART4_IRQHandler
                0x0000000008002a08                BDMA_Channel5_IRQHandler
                0x0000000008002a08                TIM3_IRQHandler
                0x0000000008002a08                RCC_IRQHandler
                0x0000000008002a08                TIM8_BRK_TIM12_IRQHandler
                0x0000000008002a08                TIM1_TRG_COM_IRQHandler
                0x0000000008002a08                Default_Handler
                0x0000000008002a08                CEC_IRQHandler
                0x0000000008002a08                EXTI15_10_IRQHandler
                0x0000000008002a08                ADC_IRQHandler
                0x0000000008002a08                DMA1_Stream7_IRQHandler
                0x0000000008002a08                HRTIM1_TIMA_IRQHandler
                0x0000000008002a08                SPI5_IRQHandler
                0x0000000008002a08                TIM7_IRQHandler
                0x0000000008002a08                SDMMC1_IRQHandler
                0x0000000008002a08                TIM5_IRQHandler
                0x0000000008002a08                DMA2_Stream7_IRQHandler
                0x0000000008002a08                TIM15_IRQHandler
                0x0000000008002a08                PVD_AVD_IRQHandler
                0x0000000008002a08                I2C3_EV_IRQHandler
                0x0000000008002a08                EXTI9_5_IRQHandler
                0x0000000008002a08                RTC_WKUP_IRQHandler
                0x0000000008002a08                LTDC_IRQHandler
                0x0000000008002a08                SAI3_IRQHandler
                0x0000000008002a08                ETH_WKUP_IRQHandler
                0x0000000008002a08                SPDIF_RX_IRQHandler
                0x0000000008002a08                OTG_HS_EP1_IN_IRQHandler
                0x0000000008002a08                CRS_IRQHandler
                0x0000000008002a08                EXTI4_IRQHandler
                0x0000000008002a08                HRTIM1_TIMB_IRQHandler
                0x0000000008002a08                FDCAN2_IT1_IRQHandler
                0x0000000008002a08                ETH_IRQHandler
                0x0000000008002a08                TIM1_UP_IRQHandler
                0x0000000008002a08                BDMA_Channel4_IRQHandler
                0x0000000008002a08                OTG_HS_EP1_OUT_IRQHandler
                0x0000000008002a08                WWDG_IRQHandler
                0x0000000008002a08                SPI6_IRQHandler
                0x0000000008002a08                MDIOS_IRQHandler
                0x0000000008002a08                I2C4_EV_IRQHandler
                0x0000000008002a08                FDCAN2_IT0_IRQHandler
                0x0000000008002a08                LPUART1_IRQHandler
                0x0000000008002a08                FDCAN1_IT0_IRQHandler
                0x0000000008002a08                TIM2_IRQHandler
                0x0000000008002a08                OTG_FS_WKUP_IRQHandler
                0x0000000008002a08                OTG_HS_IRQHandler
                0x0000000008002a08                DMA2D_IRQHandler
                0x0000000008002a08                TIM1_BRK_IRQHandler
                0x0000000008002a08                EXTI1_IRQHandler
                0x0000000008002a08                SDMMC2_IRQHandler
                0x0000000008002a08                OTG_FS_EP1_OUT_IRQHandler
                0x0000000008002a08                BDMA_Channel3_IRQHandler
                0x0000000008002a08                UART7_IRQHandler
                0x0000000008002a08                MDIOS_WKUP_IRQHandler
                0x0000000008002a08                USART2_IRQHandler
                0x0000000008002a08                DFSDM1_FLT0_IRQHandler
                0x0000000008002a08                SAI4_IRQHandler
                0x0000000008002a08                I2C2_ER_IRQHandler
                0x0000000008002a08                DMA2_Stream1_IRQHandler
                0x0000000008002a08                FLASH_IRQHandler
                0x0000000008002a08                DMA2_Stream4_IRQHandler
                0x0000000008002a08                USART1_IRQHandler
                0x0000000008002a08                OTG_FS_IRQHandler
                0x0000000008002a08                SPI3_IRQHandler
                0x0000000008002a08                WAKEUP_PIN_IRQHandler
                0x0000000008002a08                DMA1_Stream4_IRQHandler
                0x0000000008002a08                OTG_FS_EP1_IN_IRQHandler
                0x0000000008002a08                FMC_IRQHandler
                0x0000000008002a08                FDCAN_CAL_IRQHandler
                0x0000000008002a08                SWPMI1_IRQHandler
                0x0000000008002a08                COMP1_IRQHandler
                0x0000000008002a08                LPTIM1_IRQHandler
                0x0000000008002a08                I2C4_ER_IRQHandler
                0x0000000008002a08                DMA2_Stream6_IRQHandler
                0x0000000008002a08                SAI1_IRQHandler
                0x0000000008002a08                RTC_Alarm_IRQHandler
 *fill*         0x0000000008002a0a        0x2 
 .text.HAL_Init
                0x0000000008002a0c       0x70 Drivers/STM32H7xx_HAL_Driver/Src/stm32h7xx_hal.o
                0x0000000008002a0c                HAL_Init
 .text.HAL_IncTick
                0x0000000008002a7c       0x28 Drivers/STM32H7xx_HAL_Driver/Src/stm32h7xx_hal.o
                0x0000000008002a7c                HAL_IncTick
 .text.HAL_GetTick
                0x0000000008002aa4       0x18 Drivers/STM32H7xx_HAL_Driver/Src/stm32h7xx_hal.o
                0x0000000008002aa4                HAL_GetTick
 .text.HAL_Delay
                0x0000000008002abc       0x44 Drivers/STM32H7xx_HAL_Driver/Src/stm32h7xx_hal.o
                0x0000000008002abc                HAL_Delay
 .text.HAL_GetREVID
                0x0000000008002b00       0x18 Drivers/STM32H7xx_HAL_Driver/Src/stm32h7xx_hal.o
                0x0000000008002b00                HAL_GetREVID
 .text.HAL_SYSCFG_ETHInterfaceSelect
                0x0000000008002b18       0x28 Drivers/STM32H7xx_HAL_Driver/Src/stm32h7xx_hal.o
                0x0000000008002b18                HAL_SYSCFG_ETHInterfaceSelect
 .text.LL_ADC_SetCommonClock
                0x0000000008002b40       0x26 Drivers/STM32H7xx_HAL_Driver/Src/stm32h7xx_hal_adc.o
 .text.LL_ADC_SetCommonPathInternalCh
                0x0000000008002b66       0x26 Drivers/STM32H7xx_HAL_Driver/Src/stm32h7xx_hal_adc.o
 .text.LL_ADC_GetCommonPathInternalCh
                0x0000000008002b8c       0x1c Drivers/STM32H7xx_HAL_Driver/Src/stm32h7xx_hal_adc.o
 .text.LL_ADC_SetOffset
                0x0000000008002ba8       0x3a Drivers/STM32H7xx_HAL_Driver/Src/stm32h7xx_hal_adc.o
 .text.LL_ADC_SetDataRightShift
                0x0000000008002be2       0x32 Drivers/STM32H7xx_HAL_Driver/Src/stm32h7xx_hal_adc.o
 .text.LL_ADC_SetOffsetSignedSaturation
                0x0000000008002c14       0x30 Drivers/STM32H7xx_HAL_Driver/Src/stm32h7xx_hal_adc.o
 .text.LL_ADC_REG_SetSequencerRanks
                0x0000000008002c44       0x52 Drivers/STM32H7xx_HAL_Driver/Src/stm32h7xx_hal_adc.o
 .text.LL_ADC_SetChannelSamplingTime
                0x0000000008002c96       0x50 Drivers/STM32H7xx_HAL_Driver/Src/stm32h7xx_hal_adc.o
 *fill*         0x0000000008002ce6        0x2 
 .text.LL_ADC_SetChannelSingleDiff
                0x0000000008002ce8       0x48 Drivers/STM32H7xx_HAL_Driver/Src/stm32h7xx_hal_adc.o
 .text.LL_ADC_DisableDeepPowerDown
                0x0000000008002d30       0x24 Drivers/STM32H7xx_HAL_Driver/Src/stm32h7xx_hal_adc.o
 .text.LL_ADC_IsDeepPowerDownEnabled
                0x0000000008002d54       0x28 Drivers/STM32H7xx_HAL_Driver/Src/stm32h7xx_hal_adc.o
 .text.LL_ADC_EnableInternalRegulator
                0x0000000008002d7c       0x28 Drivers/STM32H7xx_HAL_Driver/Src/stm32h7xx_hal_adc.o
 .text.LL_ADC_IsInternalRegulatorEnabled
                0x0000000008002da4       0x28 Drivers/STM32H7xx_HAL_Driver/Src/stm32h7xx_hal_adc.o
 .text.LL_ADC_IsEnabled
                0x0000000008002dcc       0x26 Drivers/STM32H7xx_HAL_Driver/Src/stm32h7xx_hal_adc.o
 .text.LL_ADC_REG_IsConversionOngoing
                0x0000000008002df2       0x26 Drivers/STM32H7xx_HAL_Driver/Src/stm32h7xx_hal_adc.o
 .text.LL_ADC_INJ_IsConversionOngoing
                0x0000000008002e18       0x26 Drivers/STM32H7xx_HAL_Driver/Src/stm32h7xx_hal_adc.o
 *fill*         0x0000000008002e3e        0x2 
 .text.HAL_ADC_Init
                0x0000000008002e40      0x340 Drivers/STM32H7xx_HAL_Driver/Src/stm32h7xx_hal_adc.o
                0x0000000008002e40                HAL_ADC_Init
 .text.HAL_ADC_ConfigChannel
                0x0000000008003180      0x628 Drivers/STM32H7xx_HAL_Driver/Src/stm32h7xx_hal_adc.o
                0x0000000008003180                HAL_ADC_ConfigChannel
 .text.ADC_ConfigureBoostMode
                0x00000000080037a8      0x1f0 Drivers/STM32H7xx_HAL_Driver/Src/stm32h7xx_hal_adc.o
                0x00000000080037a8                ADC_ConfigureBoostMode
 .text.LL_ADC_IsEnabled
                0x0000000008003998       0x26 Drivers/STM32H7xx_HAL_Driver/Src/stm32h7xx_hal_adc_ex.o
 .text.LL_ADC_REG_IsConversionOngoing
                0x00000000080039be       0x26 Drivers/STM32H7xx_HAL_Driver/Src/stm32h7xx_hal_adc_ex.o
 .text.HAL_ADCEx_MultiModeConfigChannel
                0x00000000080039e4      0x1b4 Drivers/STM32H7xx_HAL_Driver/Src/stm32h7xx_hal_adc_ex.o
                0x00000000080039e4                HAL_ADCEx_MultiModeConfigChannel
 .text.__NVIC_SetPriorityGrouping
                0x0000000008003b98       0x48 Drivers/STM32H7xx_HAL_Driver/Src/stm32h7xx_hal_cortex.o
 .text.__NVIC_GetPriorityGrouping
                0x0000000008003be0       0x1c Drivers/STM32H7xx_HAL_Driver/Src/stm32h7xx_hal_cortex.o
 .text.__NVIC_EnableIRQ
                0x0000000008003bfc       0x3c Drivers/STM32H7xx_HAL_Driver/Src/stm32h7xx_hal_cortex.o
 .text.__NVIC_SetPriority
                0x0000000008003c38       0x54 Drivers/STM32H7xx_HAL_Driver/Src/stm32h7xx_hal_cortex.o
 .text.NVIC_EncodePriority
                0x0000000008003c8c       0x66 Drivers/STM32H7xx_HAL_Driver/Src/stm32h7xx_hal_cortex.o
 .text.HAL_NVIC_SetPriorityGrouping
                0x0000000008003cf2       0x16 Drivers/STM32H7xx_HAL_Driver/Src/stm32h7xx_hal_cortex.o
                0x0000000008003cf2                HAL_NVIC_SetPriorityGrouping
 .text.HAL_NVIC_SetPriority
                0x0000000008003d08       0x34 Drivers/STM32H7xx_HAL_Driver/Src/stm32h7xx_hal_cortex.o
                0x0000000008003d08                HAL_NVIC_SetPriority
 .text.HAL_NVIC_EnableIRQ
                0x0000000008003d3c       0x1c Drivers/STM32H7xx_HAL_Driver/Src/stm32h7xx_hal_cortex.o
                0x0000000008003d3c                HAL_NVIC_EnableIRQ
 .text.HAL_DMA_Init
                0x0000000008003d58      0x64c Drivers/STM32H7xx_HAL_Driver/Src/stm32h7xx_hal_dma.o
                0x0000000008003d58                HAL_DMA_Init
 .text.HAL_DMA_Abort
                0x00000000080043a4      0x63c Drivers/STM32H7xx_HAL_Driver/Src/stm32h7xx_hal_dma.o
                0x00000000080043a4                HAL_DMA_Abort
 .text.HAL_DMA_Abort_IT
                0x00000000080049e0      0x488 Drivers/STM32H7xx_HAL_Driver/Src/stm32h7xx_hal_dma.o
                0x00000000080049e0                HAL_DMA_Abort_IT
 .text.HAL_DMA_IRQHandler
                0x0000000008004e68      0xe54 Drivers/STM32H7xx_HAL_Driver/Src/stm32h7xx_hal_dma.o
                0x0000000008004e68                HAL_DMA_IRQHandler
 .text.DMA_CalcBaseAndBitshift
                0x0000000008005cbc      0x164 Drivers/STM32H7xx_HAL_Driver/Src/stm32h7xx_hal_dma.o
 .text.DMA_CheckFifoParam
                0x0000000008005e20       0xf8 Drivers/STM32H7xx_HAL_Driver/Src/stm32h7xx_hal_dma.o
 .text.DMA_CalcDMAMUXChannelBaseAndMask
                0x0000000008005f18      0x134 Drivers/STM32H7xx_HAL_Driver/Src/stm32h7xx_hal_dma.o
 .text.DMA_CalcDMAMUXRequestGenBaseAndMask
                0x000000000800604c       0xe8 Drivers/STM32H7xx_HAL_Driver/Src/stm32h7xx_hal_dma.o
 .text.HAL_DMAEx_ConfigMuxSync
                0x0000000008006134      0x18c Drivers/STM32H7xx_HAL_Driver/Src/stm32h7xx_hal_dma_ex.o
                0x0000000008006134                HAL_DMAEx_ConfigMuxSync
 .text.HAL_DMAEx_MUX_IRQHandler
                0x00000000080062c0       0xa4 Drivers/STM32H7xx_HAL_Driver/Src/stm32h7xx_hal_dma_ex.o
                0x00000000080062c0                HAL_DMAEx_MUX_IRQHandler
 .text.HAL_ETH_Init
                0x0000000008006364      0x1b4 Drivers/STM32H7xx_HAL_Driver/Src/stm32h7xx_hal_eth.o
                0x0000000008006364                HAL_ETH_Init
 .text.ETH_SetMACConfig
                0x0000000008006518      0x238 Drivers/STM32H7xx_HAL_Driver/Src/stm32h7xx_hal_eth.o
 .text.ETH_SetDMAConfig
                0x0000000008006750      0x10c Drivers/STM32H7xx_HAL_Driver/Src/stm32h7xx_hal_eth.o
 .text.ETH_MACDMAConfig
                0x000000000800685c      0x13a Drivers/STM32H7xx_HAL_Driver/Src/stm32h7xx_hal_eth.o
 *fill*         0x0000000008006996        0x2 
 .text.ETH_MAC_MDIO_ClkConfig
                0x0000000008006998       0xb0 Drivers/STM32H7xx_HAL_Driver/Src/stm32h7xx_hal_eth.o
 .text.ETH_DMATxDescListInit
                0x0000000008006a48       0x8e Drivers/STM32H7xx_HAL_Driver/Src/stm32h7xx_hal_eth.o
 .text.ETH_DMARxDescListInit
                0x0000000008006ad6       0xba Drivers/STM32H7xx_HAL_Driver/Src/stm32h7xx_hal_eth.o
 .text.HAL_GPIO_Init
                0x0000000008006b90      0x360 Drivers/STM32H7xx_HAL_Driver/Src/stm32h7xx_hal_gpio.o
                0x0000000008006b90                HAL_GPIO_Init
 .text.HAL_GPIO_WritePin
                0x0000000008006ef0       0x32 Drivers/STM32H7xx_HAL_Driver/Src/stm32h7xx_hal_gpio.o
                0x0000000008006ef0                HAL_GPIO_WritePin
 *fill*         0x0000000008006f22        0x2 
 .text.HAL_I2C_Init
                0x0000000008006f24      0x120 Drivers/STM32H7xx_HAL_Driver/Src/stm32h7xx_hal_i2c.o
                0x0000000008006f24                HAL_I2C_Init
 .text.HAL_I2C_EV_IRQHandler
                0x0000000008007044       0x34 Drivers/STM32H7xx_HAL_Driver/Src/stm32h7xx_hal_i2c.o
                0x0000000008007044                HAL_I2C_EV_IRQHandler
 .text.HAL_I2C_ER_IRQHandler
                0x0000000008007078       0xc2 Drivers/STM32H7xx_HAL_Driver/Src/stm32h7xx_hal_i2c.o
                0x0000000008007078                HAL_I2C_ER_IRQHandler
 .text.HAL_I2C_SlaveTxCpltCallback
                0x000000000800713a       0x14 Drivers/STM32H7xx_HAL_Driver/Src/stm32h7xx_hal_i2c.o
                0x000000000800713a                HAL_I2C_SlaveTxCpltCallback
 .text.HAL_I2C_SlaveRxCpltCallback
                0x000000000800714e       0x14 Drivers/STM32H7xx_HAL_Driver/Src/stm32h7xx_hal_i2c.o
                0x000000000800714e                HAL_I2C_SlaveRxCpltCallback
 .text.HAL_I2C_AddrCallback
                0x0000000008007162       0x1c Drivers/STM32H7xx_HAL_Driver/Src/stm32h7xx_hal_i2c.o
                0x0000000008007162                HAL_I2C_AddrCallback
 .text.HAL_I2C_ListenCpltCallback
                0x000000000800717e       0x14 Drivers/STM32H7xx_HAL_Driver/Src/stm32h7xx_hal_i2c.o
                0x000000000800717e                HAL_I2C_ListenCpltCallback
 .text.HAL_I2C_ErrorCallback
                0x0000000008007192       0x14 Drivers/STM32H7xx_HAL_Driver/Src/stm32h7xx_hal_i2c.o
                0x0000000008007192                HAL_I2C_ErrorCallback
 .text.HAL_I2C_AbortCpltCallback
                0x00000000080071a6       0x14 Drivers/STM32H7xx_HAL_Driver/Src/stm32h7xx_hal_i2c.o
                0x00000000080071a6                HAL_I2C_AbortCpltCallback
 .text.I2C_Slave_ISR_IT
                0x00000000080071ba      0x206 Drivers/STM32H7xx_HAL_Driver/Src/stm32h7xx_hal_i2c.o
 .text.I2C_ITAddrCplt
                0x00000000080073c0      0x104 Drivers/STM32H7xx_HAL_Driver/Src/stm32h7xx_hal_i2c.o
 .text.I2C_ITSlaveSeqCplt
                0x00000000080074c4       0x7a Drivers/STM32H7xx_HAL_Driver/Src/stm32h7xx_hal_i2c.o
 *fill*         0x000000000800753e        0x2 
 .text.I2C_ITSlaveCplt
                0x0000000008007540      0x38c Drivers/STM32H7xx_HAL_Driver/Src/stm32h7xx_hal_i2c.o
 .text.I2C_ITListenCplt
                0x00000000080078cc       0xa8 Drivers/STM32H7xx_HAL_Driver/Src/stm32h7xx_hal_i2c.o
 .text.I2C_ITError
                0x0000000008007974      0x180 Drivers/STM32H7xx_HAL_Driver/Src/stm32h7xx_hal_i2c.o
 .text.I2C_Flush_TXDR
                0x0000000008007af4       0x48 Drivers/STM32H7xx_HAL_Driver/Src/stm32h7xx_hal_i2c.o
 .text.I2C_DMAAbort
                0x0000000008007b3c       0x48 Drivers/STM32H7xx_HAL_Driver/Src/stm32h7xx_hal_i2c.o
 .text.I2C_Disable_IRQ
                0x0000000008007b84       0xca Drivers/STM32H7xx_HAL_Driver/Src/stm32h7xx_hal_i2c.o
 .text.HAL_I2CEx_ConfigAnalogFilter
                0x0000000008007c4e       0x96 Drivers/STM32H7xx_HAL_Driver/Src/stm32h7xx_hal_i2c_ex.o
                0x0000000008007c4e                HAL_I2CEx_ConfigAnalogFilter
 .text.HAL_I2CEx_ConfigDigitalFilter
                0x0000000008007ce4       0x98 Drivers/STM32H7xx_HAL_Driver/Src/stm32h7xx_hal_i2c_ex.o
                0x0000000008007ce4                HAL_I2CEx_ConfigDigitalFilter
 .text.HAL_I2S_Init
                0x0000000008007d7c      0x240 Drivers/STM32H7xx_HAL_Driver/Src/stm32h7xx_hal_i2s.o
                0x0000000008007d7c                HAL_I2S_Init
 .text.HAL_I2S_IRQHandler
                0x0000000008007fbc      0x128 Drivers/STM32H7xx_HAL_Driver/Src/stm32h7xx_hal_i2s.o
                0x0000000008007fbc                HAL_I2S_IRQHandler
 .text.HAL_I2S_ErrorCallback
                0x00000000080080e4       0x14 Drivers/STM32H7xx_HAL_Driver/Src/stm32h7xx_hal_i2s.o
                0x00000000080080e4                HAL_I2S_ErrorCallback
 .text.HAL_PWR_EnableBkUpAccess
                0x00000000080080f8       0x20 Drivers/STM32H7xx_HAL_Driver/Src/stm32h7xx_hal_pwr.o
                0x00000000080080f8                HAL_PWR_EnableBkUpAccess
 .text.HAL_PWREx_ConfigSupply
                0x0000000008008118       0x74 Drivers/STM32H7xx_HAL_Driver/Src/stm32h7xx_hal_pwr_ex.o
                0x0000000008008118                HAL_PWREx_ConfigSupply
 .text.HAL_QSPI_Init
                0x000000000800818c      0x110 Drivers/STM32H7xx_HAL_Driver/Src/stm32h7xx_hal_qspi.o
                0x000000000800818c                HAL_QSPI_Init
 .text.HAL_QSPI_SetTimeout
                0x000000000800829c       0x1c Drivers/STM32H7xx_HAL_Driver/Src/stm32h7xx_hal_qspi.o
                0x000000000800829c                HAL_QSPI_SetTimeout
 .text.QSPI_WaitFlagStateUntilTimeout
                0x00000000080082b8       0x6e Drivers/STM32H7xx_HAL_Driver/Src/stm32h7xx_hal_qspi.o
 *fill*         0x0000000008008326        0x2 
 .text.HAL_RCC_OscConfig
                0x0000000008008328      0x7b0 Drivers/STM32H7xx_HAL_Driver/Src/stm32h7xx_hal_rcc.o
                0x0000000008008328                HAL_RCC_OscConfig
 .text.HAL_RCC_ClockConfig
                0x0000000008008ad8      0x348 Drivers/STM32H7xx_HAL_Driver/Src/stm32h7xx_hal_rcc.o
                0x0000000008008ad8                HAL_RCC_ClockConfig
 .text.HAL_RCC_MCOConfig
                0x0000000008008e20       0xd4 Drivers/STM32H7xx_HAL_Driver/Src/stm32h7xx_hal_rcc.o
                0x0000000008008e20                HAL_RCC_MCOConfig
 .text.HAL_RCC_GetSysClockFreq
                0x0000000008008ef4      0x2e4 Drivers/STM32H7xx_HAL_Driver/Src/stm32h7xx_hal_rcc.o
                0x0000000008008ef4                HAL_RCC_GetSysClockFreq
 .text.HAL_RCC_GetHCLKFreq
                0x00000000080091d8       0x38 Drivers/STM32H7xx_HAL_Driver/Src/stm32h7xx_hal_rcc.o
                0x00000000080091d8                HAL_RCC_GetHCLKFreq
 .text.HAL_RCC_GetPCLK1Freq
                0x0000000008009210       0x2c Drivers/STM32H7xx_HAL_Driver/Src/stm32h7xx_hal_rcc.o
                0x0000000008009210                HAL_RCC_GetPCLK1Freq
 .text.HAL_RCC_GetPCLK2Freq
                0x000000000800923c       0x2c Drivers/STM32H7xx_HAL_Driver/Src/stm32h7xx_hal_rcc.o
                0x000000000800923c                HAL_RCC_GetPCLK2Freq
 .text.HAL_RCC_GetClockConfig
                0x0000000008009268       0x84 Drivers/STM32H7xx_HAL_Driver/Src/stm32h7xx_hal_rcc.o
                0x0000000008009268                HAL_RCC_GetClockConfig
 .text.HAL_RCCEx_PeriphCLKConfig
                0x00000000080092ec      0xdbc Drivers/STM32H7xx_HAL_Driver/Src/stm32h7xx_hal_rcc_ex.o
                0x00000000080092ec                HAL_RCCEx_PeriphCLKConfig
 .text.HAL_RCCEx_GetPeriphCLKFreq
                0x000000000800a0a8      0x4f0 Drivers/STM32H7xx_HAL_Driver/Src/stm32h7xx_hal_rcc_ex.o
                0x000000000800a0a8                HAL_RCCEx_GetPeriphCLKFreq
 .text.HAL_RCCEx_GetD3PCLK1Freq
                0x000000000800a598       0x2c Drivers/STM32H7xx_HAL_Driver/Src/stm32h7xx_hal_rcc_ex.o
                0x000000000800a598                HAL_RCCEx_GetD3PCLK1Freq
 .text.HAL_RCCEx_GetPLL2ClockFreq
                0x000000000800a5c4      0x298 Drivers/STM32H7xx_HAL_Driver/Src/stm32h7xx_hal_rcc_ex.o
                0x000000000800a5c4                HAL_RCCEx_GetPLL2ClockFreq
 .text.HAL_RCCEx_GetPLL3ClockFreq
                0x000000000800a85c      0x298 Drivers/STM32H7xx_HAL_Driver/Src/stm32h7xx_hal_rcc_ex.o
                0x000000000800a85c                HAL_RCCEx_GetPLL3ClockFreq
 .text.HAL_RCCEx_GetPLL1ClockFreq
                0x000000000800aaf4      0x298 Drivers/STM32H7xx_HAL_Driver/Src/stm32h7xx_hal_rcc_ex.o
                0x000000000800aaf4                HAL_RCCEx_GetPLL1ClockFreq
 .text.HAL_RCCEx_GetD1SysClockFreq
                0x000000000800ad8c       0x38 Drivers/STM32H7xx_HAL_Driver/Src/stm32h7xx_hal_rcc_ex.o
                0x000000000800ad8c                HAL_RCCEx_GetD1SysClockFreq
 .text.HAL_RCCEx_CRSConfig
                0x000000000800adc4       0xac Drivers/STM32H7xx_HAL_Driver/Src/stm32h7xx_hal_rcc_ex.o
                0x000000000800adc4                HAL_RCCEx_CRSConfig
 .text.RCCEx_PLL2_Config
                0x000000000800ae70      0x164 Drivers/STM32H7xx_HAL_Driver/Src/stm32h7xx_hal_rcc_ex.o
 .text.RCCEx_PLL3_Config
                0x000000000800afd4      0x164 Drivers/STM32H7xx_HAL_Driver/Src/stm32h7xx_hal_rcc_ex.o
 .text.HAL_SAI_InitProtocol
                0x000000000800b138       0x74 Drivers/STM32H7xx_HAL_Driver/Src/stm32h7xx_hal_sai.o
                0x000000000800b138                HAL_SAI_InitProtocol
 .text.HAL_SAI_Init
                0x000000000800b1ac      0x508 Drivers/STM32H7xx_HAL_Driver/Src/stm32h7xx_hal_sai.o
                0x000000000800b1ac                HAL_SAI_Init
 .text.HAL_SAI_Abort
                0x000000000800b6b4      0x11e Drivers/STM32H7xx_HAL_Driver/Src/stm32h7xx_hal_sai.o
                0x000000000800b6b4                HAL_SAI_Abort
 *fill*         0x000000000800b7d2        0x2 
 .text.HAL_SAI_IRQHandler
                0x000000000800b7d4      0x370 Drivers/STM32H7xx_HAL_Driver/Src/stm32h7xx_hal_sai.o
                0x000000000800b7d4                HAL_SAI_IRQHandler
 .text.HAL_SAI_ErrorCallback
                0x000000000800bb44       0x14 Drivers/STM32H7xx_HAL_Driver/Src/stm32h7xx_hal_sai.o
                0x000000000800bb44                HAL_SAI_ErrorCallback
 .text.SAI_InitI2S
                0x000000000800bb58      0x164 Drivers/STM32H7xx_HAL_Driver/Src/stm32h7xx_hal_sai.o
 .text.SAI_InitPCM
                0x000000000800bcbc      0x104 Drivers/STM32H7xx_HAL_Driver/Src/stm32h7xx_hal_sai.o
 .text.SAI_Disable
                0x000000000800bdc0       0x68 Drivers/STM32H7xx_HAL_Driver/Src/stm32h7xx_hal_sai.o
 .text.SAI_DMAAbort
                0x000000000800be28       0x6e Drivers/STM32H7xx_HAL_Driver/Src/stm32h7xx_hal_sai.o
 .text.HAL_SD_Init
                0x000000000800be96      0x114 Drivers/STM32H7xx_HAL_Driver/Src/stm32h7xx_hal_sd.o
                0x000000000800be96                HAL_SD_Init
 *fill*         0x000000000800bfaa        0x2 
 .text.HAL_SD_InitCard
                0x000000000800bfac      0x110 Drivers/STM32H7xx_HAL_Driver/Src/stm32h7xx_hal_sd.o
                0x000000000800bfac                HAL_SD_InitCard
 .text.HAL_SD_DriveTransceiver_1_8V_Callback
                0x000000000800c0bc       0x16 Drivers/STM32H7xx_HAL_Driver/Src/stm32h7xx_hal_sd.o
                0x000000000800c0bc                HAL_SD_DriveTransceiver_1_8V_Callback
 *fill*         0x000000000800c0d2        0x2 
 .text.HAL_SD_GetCardCSD
                0x000000000800c0d4      0x348 Drivers/STM32H7xx_HAL_Driver/Src/stm32h7xx_hal_sd.o
                0x000000000800c0d4                HAL_SD_GetCardCSD
 .text.HAL_SD_GetCardStatus
                0x000000000800c41c      0x130 Drivers/STM32H7xx_HAL_Driver/Src/stm32h7xx_hal_sd.o
                0x000000000800c41c                HAL_SD_GetCardStatus
 .text.HAL_SD_ConfigWideBusOperation
                0x000000000800c54c      0x120 Drivers/STM32H7xx_HAL_Driver/Src/stm32h7xx_hal_sd.o
                0x000000000800c54c                HAL_SD_ConfigWideBusOperation
 .text.HAL_SD_GetCardState
                0x000000000800c66c       0x40 Drivers/STM32H7xx_HAL_Driver/Src/stm32h7xx_hal_sd.o
                0x000000000800c66c                HAL_SD_GetCardState
 .text.SD_InitCard
                0x000000000800c6ac      0x17c Drivers/STM32H7xx_HAL_Driver/Src/stm32h7xx_hal_sd.o
 .text.SD_PowerON
                0x000000000800c828      0x210 Drivers/STM32H7xx_HAL_Driver/Src/stm32h7xx_hal_sd.o
 .text.SD_SendSDStatus
                0x000000000800ca38      0x1a0 Drivers/STM32H7xx_HAL_Driver/Src/stm32h7xx_hal_sd.o
 .text.SD_SendStatus
                0x000000000800cbd8       0x50 Drivers/STM32H7xx_HAL_Driver/Src/stm32h7xx_hal_sd.o
 .text.SD_WideBus_Enable
                0x000000000800cc28       0x96 Drivers/STM32H7xx_HAL_Driver/Src/stm32h7xx_hal_sd.o
 .text.SD_WideBus_Disable
                0x000000000800ccbe       0x96 Drivers/STM32H7xx_HAL_Driver/Src/stm32h7xx_hal_sd.o
 .text.SD_FindSCR
                0x000000000800cd54      0x1a0 Drivers/STM32H7xx_HAL_Driver/Src/stm32h7xx_hal_sd.o
 .text.HAL_SDRAM_Init
                0x000000000800cef4       0x78 Drivers/STM32H7xx_HAL_Driver/Src/stm32h7xx_hal_sdram.o
                0x000000000800cef4                HAL_SDRAM_Init
 .text.HAL_SPI_Init
                0x000000000800cf6c      0x1f0 Drivers/STM32H7xx_HAL_Driver/Src/stm32h7xx_hal_spi.o
                0x000000000800cf6c                HAL_SPI_Init
 .text.SPI_GetPacketSize
                0x000000000800d15c       0x36 Drivers/STM32H7xx_HAL_Driver/Src/stm32h7xx_hal_spi.o
 .text.HAL_TIM_Base_Init
                0x000000000800d192       0x56 Drivers/STM32H7xx_HAL_Driver/Src/stm32h7xx_hal_tim.o
                0x000000000800d192                HAL_TIM_Base_Init
 .text.HAL_TIM_Base_MspInit
                0x000000000800d1e8       0x14 Drivers/STM32H7xx_HAL_Driver/Src/stm32h7xx_hal_tim.o
                0x000000000800d1e8                HAL_TIM_Base_MspInit
 .text.HAL_TIM_Base_Start_IT
                0x000000000800d1fc       0x54 Drivers/STM32H7xx_HAL_Driver/Src/stm32h7xx_hal_tim.o
                0x000000000800d1fc                HAL_TIM_Base_Start_IT
 .text.HAL_TIM_IRQHandler
                0x000000000800d250      0x23e Drivers/STM32H7xx_HAL_Driver/Src/stm32h7xx_hal_tim.o
                0x000000000800d250                HAL_TIM_IRQHandler
 .text.HAL_TIM_OC_DelayElapsedCallback
                0x000000000800d48e       0x14 Drivers/STM32H7xx_HAL_Driver/Src/stm32h7xx_hal_tim.o
                0x000000000800d48e                HAL_TIM_OC_DelayElapsedCallback
 .text.HAL_TIM_IC_CaptureCallback
                0x000000000800d4a2       0x14 Drivers/STM32H7xx_HAL_Driver/Src/stm32h7xx_hal_tim.o
                0x000000000800d4a2                HAL_TIM_IC_CaptureCallback
 .text.HAL_TIM_PWM_PulseFinishedCallback
                0x000000000800d4b6       0x14 Drivers/STM32H7xx_HAL_Driver/Src/stm32h7xx_hal_tim.o
                0x000000000800d4b6                HAL_TIM_PWM_PulseFinishedCallback
 .text.HAL_TIM_TriggerCallback
                0x000000000800d4ca       0x14 Drivers/STM32H7xx_HAL_Driver/Src/stm32h7xx_hal_tim.o
                0x000000000800d4ca                HAL_TIM_TriggerCallback
 *fill*         0x000000000800d4de        0x2 
 .text.TIM_Base_SetConfig
                0x000000000800d4e0      0x134 Drivers/STM32H7xx_HAL_Driver/Src/stm32h7xx_hal_tim.o
                0x000000000800d4e0                TIM_Base_SetConfig
 .text.HAL_TIMEx_CommutCallback
                0x000000000800d614       0x14 Drivers/STM32H7xx_HAL_Driver/Src/stm32h7xx_hal_tim_ex.o
                0x000000000800d614                HAL_TIMEx_CommutCallback
 .text.HAL_TIMEx_BreakCallback
                0x000000000800d628       0x14 Drivers/STM32H7xx_HAL_Driver/Src/stm32h7xx_hal_tim_ex.o
                0x000000000800d628                HAL_TIMEx_BreakCallback
 .text.HAL_TIMEx_Break2Callback
                0x000000000800d63c       0x14 Drivers/STM32H7xx_HAL_Driver/Src/stm32h7xx_hal_tim_ex.o
                0x000000000800d63c                HAL_TIMEx_Break2Callback
 .text.HAL_UART_Init
                0x000000000800d650       0xa0 Drivers/STM32H7xx_HAL_Driver/Src/stm32h7xx_hal_uart.o
                0x000000000800d650                HAL_UART_Init
 .text.HAL_UART_IRQHandler
                0x000000000800d6f0      0x300 Drivers/STM32H7xx_HAL_Driver/Src/stm32h7xx_hal_uart.o
                0x000000000800d6f0                HAL_UART_IRQHandler
 .text.HAL_UART_TxCpltCallback
                0x000000000800d9f0       0x14 Drivers/STM32H7xx_HAL_Driver/Src/stm32h7xx_hal_uart.o
                0x000000000800d9f0                HAL_UART_TxCpltCallback
 .text.HAL_UART_ErrorCallback
                0x000000000800da04       0x14 Drivers/STM32H7xx_HAL_Driver/Src/stm32h7xx_hal_uart.o
                0x000000000800da04                HAL_UART_ErrorCallback
 .text.UART_SetConfig
                0x000000000800da18     0x22fc Drivers/STM32H7xx_HAL_Driver/Src/stm32h7xx_hal_uart.o
                0x000000000800da18                UART_SetConfig
 .text.UART_AdvFeatureConfig
                0x000000000800fd14      0x144 Drivers/STM32H7xx_HAL_Driver/Src/stm32h7xx_hal_uart.o
                0x000000000800fd14                UART_AdvFeatureConfig
 .text.UART_CheckIdleState
                0x000000000800fe58       0x90 Drivers/STM32H7xx_HAL_Driver/Src/stm32h7xx_hal_uart.o
                0x000000000800fe58                UART_CheckIdleState
 .text.UART_WaitOnFlagUntilTimeout
                0x000000000800fee8      0x100 Drivers/STM32H7xx_HAL_Driver/Src/stm32h7xx_hal_uart.o
                0x000000000800fee8                UART_WaitOnFlagUntilTimeout
 .text.UART_EndRxTransfer
                0x000000000800ffe8       0x48 Drivers/STM32H7xx_HAL_Driver/Src/stm32h7xx_hal_uart.o
 .text.UART_DMAAbortOnError
                0x0000000008010030       0x2c Drivers/STM32H7xx_HAL_Driver/Src/stm32h7xx_hal_uart.o
 .text.UART_EndTransmit_IT
                0x000000000801005c       0x34 Drivers/STM32H7xx_HAL_Driver/Src/stm32h7xx_hal_uart.o
 .text.HAL_UARTEx_WakeupCallback
                0x0000000008010090       0x14 Drivers/STM32H7xx_HAL_Driver/Src/stm32h7xx_hal_uart_ex.o
                0x0000000008010090                HAL_UARTEx_WakeupCallback
 .text.HAL_UARTEx_RxFifoFullCallback
                0x00000000080100a4       0x14 Drivers/STM32H7xx_HAL_Driver/Src/stm32h7xx_hal_uart_ex.o
                0x00000000080100a4                HAL_UARTEx_RxFifoFullCallback
 .text.HAL_UARTEx_TxFifoEmptyCallback
                0x00000000080100b8       0x14 Drivers/STM32H7xx_HAL_Driver/Src/stm32h7xx_hal_uart_ex.o
                0x00000000080100b8                HAL_UARTEx_TxFifoEmptyCallback
 .text.HAL_UARTEx_DisableFifoMode
                0x00000000080100cc       0x72 Drivers/STM32H7xx_HAL_Driver/Src/stm32h7xx_hal_uart_ex.o
                0x00000000080100cc                HAL_UARTEx_DisableFifoMode
 .text.HAL_UARTEx_SetTxFifoThreshold
                0x000000000801013e       0x7c Drivers/STM32H7xx_HAL_Driver/Src/stm32h7xx_hal_uart_ex.o
                0x000000000801013e                HAL_UARTEx_SetTxFifoThreshold
 .text.HAL_UARTEx_SetRxFifoThreshold
                0x00000000080101ba       0x7c Drivers/STM32H7xx_HAL_Driver/Src/stm32h7xx_hal_uart_ex.o
                0x00000000080101ba                HAL_UARTEx_SetRxFifoThreshold
 *fill*         0x0000000008010236        0x2 
 .text.UARTEx_SetNbDataToProcess
                0x0000000008010238       0xd0 Drivers/STM32H7xx_HAL_Driver/Src/stm32h7xx_hal_uart_ex.o
 .text.FMC_SDRAM_Init
                0x0000000008010308       0xb8 Drivers/STM32H7xx_HAL_Driver/Src/stm32h7xx_ll_fmc.o
                0x0000000008010308                FMC_SDRAM_Init
 .text.FMC_SDRAM_Timing_Init
                0x00000000080103c0       0xd4 Drivers/STM32H7xx_HAL_Driver/Src/stm32h7xx_ll_fmc.o
                0x00000000080103c0                FMC_SDRAM_Timing_Init
 .text.SDMMC_Init
                0x0000000008010494       0x54 Drivers/STM32H7xx_HAL_Driver/Src/stm32h7xx_ll_sdmmc.o
                0x0000000008010494                SDMMC_Init
 .text.SDMMC_ReadFIFO
                0x00000000080104e8       0x1a Drivers/STM32H7xx_HAL_Driver/Src/stm32h7xx_ll_sdmmc.o
                0x00000000080104e8                SDMMC_ReadFIFO
 .text.SDMMC_PowerState_ON
                0x0000000008010502       0x22 Drivers/STM32H7xx_HAL_Driver/Src/stm32h7xx_ll_sdmmc.o
                0x0000000008010502                SDMMC_PowerState_ON
 .text.SDMMC_GetPowerState
                0x0000000008010524       0x1c Drivers/STM32H7xx_HAL_Driver/Src/stm32h7xx_ll_sdmmc.o
                0x0000000008010524                SDMMC_GetPowerState
 .text.SDMMC_SendCommand
                0x0000000008010540       0x54 Drivers/STM32H7xx_HAL_Driver/Src/stm32h7xx_ll_sdmmc.o
                0x0000000008010540                SDMMC_SendCommand
 .text.SDMMC_GetCommandResponse
                0x0000000008010594       0x1a Drivers/STM32H7xx_HAL_Driver/Src/stm32h7xx_ll_sdmmc.o
                0x0000000008010594                SDMMC_GetCommandResponse
 .text.SDMMC_GetResponse
                0x00000000080105ae       0x26 Drivers/STM32H7xx_HAL_Driver/Src/stm32h7xx_ll_sdmmc.o
                0x00000000080105ae                SDMMC_GetResponse
 .text.SDMMC_ConfigData
                0x00000000080105d4       0x58 Drivers/STM32H7xx_HAL_Driver/Src/stm32h7xx_ll_sdmmc.o
                0x00000000080105d4                SDMMC_ConfigData
 .text.SDMMC_CmdBlockLength
                0x000000000801062c       0x46 Drivers/STM32H7xx_HAL_Driver/Src/stm32h7xx_ll_sdmmc.o
                0x000000000801062c                SDMMC_CmdBlockLength
 .text.SDMMC_CmdSelDesel
                0x0000000008010672       0x48 Drivers/STM32H7xx_HAL_Driver/Src/stm32h7xx_ll_sdmmc.o
                0x0000000008010672                SDMMC_CmdSelDesel
 .text.SDMMC_CmdGoIdleState
                0x00000000080106ba       0x3c Drivers/STM32H7xx_HAL_Driver/Src/stm32h7xx_ll_sdmmc.o
                0x00000000080106ba                SDMMC_CmdGoIdleState
 .text.SDMMC_CmdOperCond
                0x00000000080106f6       0x40 Drivers/STM32H7xx_HAL_Driver/Src/stm32h7xx_ll_sdmmc.o
                0x00000000080106f6                SDMMC_CmdOperCond
 .text.SDMMC_CmdAppCommand
                0x0000000008010736       0x46 Drivers/STM32H7xx_HAL_Driver/Src/stm32h7xx_ll_sdmmc.o
                0x0000000008010736                SDMMC_CmdAppCommand
 .text.SDMMC_CmdAppOperCommand
                0x000000000801077c       0x40 Drivers/STM32H7xx_HAL_Driver/Src/stm32h7xx_ll_sdmmc.o
                0x000000000801077c                SDMMC_CmdAppOperCommand
 .text.SDMMC_CmdBusWidth
                0x00000000080107bc       0x46 Drivers/STM32H7xx_HAL_Driver/Src/stm32h7xx_ll_sdmmc.o
                0x00000000080107bc                SDMMC_CmdBusWidth
 .text.SDMMC_CmdSendSCR
                0x0000000008010802       0x44 Drivers/STM32H7xx_HAL_Driver/Src/stm32h7xx_ll_sdmmc.o
                0x0000000008010802                SDMMC_CmdSendSCR
 .text.SDMMC_CmdSendCID
                0x0000000008010846       0x3e Drivers/STM32H7xx_HAL_Driver/Src/stm32h7xx_ll_sdmmc.o
                0x0000000008010846                SDMMC_CmdSendCID
 .text.SDMMC_CmdSendCSD
                0x0000000008010884       0x40 Drivers/STM32H7xx_HAL_Driver/Src/stm32h7xx_ll_sdmmc.o
                0x0000000008010884                SDMMC_CmdSendCSD
 .text.SDMMC_CmdSetRelAdd
                0x00000000080108c4       0x44 Drivers/STM32H7xx_HAL_Driver/Src/stm32h7xx_ll_sdmmc.o
                0x00000000080108c4                SDMMC_CmdSetRelAdd
 .text.SDMMC_CmdSendStatus
                0x0000000008010908       0x46 Drivers/STM32H7xx_HAL_Driver/Src/stm32h7xx_ll_sdmmc.o
                0x0000000008010908                SDMMC_CmdSendStatus
 .text.SDMMC_CmdStatusRegister
                0x000000000801094e       0x44 Drivers/STM32H7xx_HAL_Driver/Src/stm32h7xx_ll_sdmmc.o
                0x000000000801094e                SDMMC_CmdStatusRegister
 .text.SDMMC_CmdVoltageSwitch
                0x0000000008010992       0x44 Drivers/STM32H7xx_HAL_Driver/Src/stm32h7xx_ll_sdmmc.o
                0x0000000008010992                SDMMC_CmdVoltageSwitch
 *fill*         0x00000000080109d6        0x2 
 .text.SDMMC_GetCmdError
                0x00000000080109d8       0x54 Drivers/STM32H7xx_HAL_Driver/Src/stm32h7xx_ll_sdmmc.o
 .text.SDMMC_GetCmdResp1
                0x0000000008010a2c      0x1e0 Drivers/STM32H7xx_HAL_Driver/Src/stm32h7xx_ll_sdmmc.o
 .text.SDMMC_GetCmdResp2
                0x0000000008010c0c       0x90 Drivers/STM32H7xx_HAL_Driver/Src/stm32h7xx_ll_sdmmc.o
 .text.SDMMC_GetCmdResp3
                0x0000000008010c9c       0x78 Drivers/STM32H7xx_HAL_Driver/Src/stm32h7xx_ll_sdmmc.o
 .text.SDMMC_GetCmdResp6
                0x0000000008010d14       0xec Drivers/STM32H7xx_HAL_Driver/Src/stm32h7xx_ll_sdmmc.o
 .text.SDMMC_GetCmdResp7
                0x0000000008010e00       0x98 Drivers/STM32H7xx_HAL_Driver/Src/stm32h7xx_ll_sdmmc.o
 .text.__errno  0x0000000008010e98        0xc /Applications/STM32CubeIDE.app/Contents/Eclipse/plugins/com.st.stm32cube.ide.mcu.externaltools.gnu-tools-for-stm32.7-2018-q2-update.macos64_1.0.0.201904181610/tools/bin/../lib/gcc/arm-none-eabi/7.3.1/../../../../arm-none-eabi/lib/thumb/v7e-m/fpv5/hard/libc_nano.a(lib_a-errno.o)
                0x0000000008010e98                __errno
 .text.__libc_init_array
                0x0000000008010ea4       0x48 /Applications/STM32CubeIDE.app/Contents/Eclipse/plugins/com.st.stm32cube.ide.mcu.externaltools.gnu-tools-for-stm32.7-2018-q2-update.macos64_1.0.0.201904181610/tools/bin/../lib/gcc/arm-none-eabi/7.3.1/../../../../arm-none-eabi/lib/thumb/v7e-m/fpv5/hard/libc_nano.a(lib_a-init.o)
                0x0000000008010ea4                __libc_init_array
 .text.memset   0x0000000008010eec       0x10 /Applications/STM32CubeIDE.app/Contents/Eclipse/plugins/com.st.stm32cube.ide.mcu.externaltools.gnu-tools-for-stm32.7-2018-q2-update.macos64_1.0.0.201904181610/tools/bin/../lib/gcc/arm-none-eabi/7.3.1/../../../../arm-none-eabi/lib/thumb/v7e-m/fpv5/hard/libc_nano.a(lib_a-memset.o)
                0x0000000008010eec                memset
 .text.srand    0x0000000008010efc       0x48 /Applications/STM32CubeIDE.app/Contents/Eclipse/plugins/com.st.stm32cube.ide.mcu.externaltools.gnu-tools-for-stm32.7-2018-q2-update.macos64_1.0.0.201904181610/tools/bin/../lib/gcc/arm-none-eabi/7.3.1/../../../../arm-none-eabi/lib/thumb/v7e-m/fpv5/hard/libc_nano.a(lib_a-rand.o)
                0x0000000008010efc                srand
 .text.rand     0x0000000008010f44       0x68 /Applications/STM32CubeIDE.app/Contents/Eclipse/plugins/com.st.stm32cube.ide.mcu.externaltools.gnu-tools-for-stm32.7-2018-q2-update.macos64_1.0.0.201904181610/tools/bin/../lib/gcc/arm-none-eabi/7.3.1/../../../../arm-none-eabi/lib/thumb/v7e-m/fpv5/hard/libc_nano.a(lib_a-rand.o)
                0x0000000008010f44                rand
 .text.malloc   0x0000000008010fac       0x10 /Applications/STM32CubeIDE.app/Contents/Eclipse/plugins/com.st.stm32cube.ide.mcu.externaltools.gnu-tools-for-stm32.7-2018-q2-update.macos64_1.0.0.201904181610/tools/bin/../lib/gcc/arm-none-eabi/7.3.1/../../../../arm-none-eabi/lib/thumb/v7e-m/fpv5/hard/libc_nano.a(lib_a-malloc.o)
                0x0000000008010fac                malloc
 .text._malloc_r
                0x0000000008010fbc       0xb4 /Applications/STM32CubeIDE.app/Contents/Eclipse/plugins/com.st.stm32cube.ide.mcu.externaltools.gnu-tools-for-stm32.7-2018-q2-update.macos64_1.0.0.201904181610/tools/bin/../lib/gcc/arm-none-eabi/7.3.1/../../../../arm-none-eabi/lib/thumb/v7e-m/fpv5/hard/libc_nano.a(lib_a-nano-mallocr.o)
                0x0000000008010fbc                _malloc_r
 .text._sbrk_r  0x0000000008011070       0x20 /Applications/STM32CubeIDE.app/Contents/Eclipse/plugins/com.st.stm32cube.ide.mcu.externaltools.gnu-tools-for-stm32.7-2018-q2-update.macos64_1.0.0.201904181610/tools/bin/../lib/gcc/arm-none-eabi/7.3.1/../../../../arm-none-eabi/lib/thumb/v7e-m/fpv5/hard/libc_nano.a(lib_a-sbrkr.o)
                0x0000000008011070                _sbrk_r
 .text.__malloc_lock
                0x0000000008011090        0x2 /Applications/STM32CubeIDE.app/Contents/Eclipse/plugins/com.st.stm32cube.ide.mcu.externaltools.gnu-tools-for-stm32.7-2018-q2-update.macos64_1.0.0.201904181610/tools/bin/../lib/gcc/arm-none-eabi/7.3.1/../../../../arm-none-eabi/lib/thumb/v7e-m/fpv5/hard/libc_nano.a(lib_a-mlock.o)
                0x0000000008011090                __malloc_lock
 .text.__malloc_unlock
                0x0000000008011092        0x2 /Applications/STM32CubeIDE.app/Contents/Eclipse/plugins/com.st.stm32cube.ide.mcu.externaltools.gnu-tools-for-stm32.7-2018-q2-update.macos64_1.0.0.201904181610/tools/bin/../lib/gcc/arm-none-eabi/7.3.1/../../../../arm-none-eabi/lib/thumb/v7e-m/fpv5/hard/libc_nano.a(lib_a-mlock.o)
                0x0000000008011092                __malloc_unlock
 *(.glue_7)
 .glue_7        0x0000000008011094        0x0 linker stubs
 *(.glue_7t)
 .glue_7t       0x0000000008011094        0x0 linker stubs
 *(.eh_frame)
 .eh_frame      0x0000000008011094        0x0 /Applications/STM32CubeIDE.app/Contents/Eclipse/plugins/com.st.stm32cube.ide.mcu.externaltools.gnu-tools-for-stm32.7-2018-q2-update.macos64_1.0.0.201904181610/tools/bin/../lib/gcc/arm-none-eabi/7.3.1/thumb/v7e-m/fpv5/hard/crtbegin.o
 *(.init)
 .init          0x0000000008011094        0x4 /Applications/STM32CubeIDE.app/Contents/Eclipse/plugins/com.st.stm32cube.ide.mcu.externaltools.gnu-tools-for-stm32.7-2018-q2-update.macos64_1.0.0.201904181610/tools/bin/../lib/gcc/arm-none-eabi/7.3.1/thumb/v7e-m/fpv5/hard/crti.o
                0x0000000008011094                _init
 .init          0x0000000008011098        0x8 /Applications/STM32CubeIDE.app/Contents/Eclipse/plugins/com.st.stm32cube.ide.mcu.externaltools.gnu-tools-for-stm32.7-2018-q2-update.macos64_1.0.0.201904181610/tools/bin/../lib/gcc/arm-none-eabi/7.3.1/thumb/v7e-m/fpv5/hard/crtn.o
 *(.fini)
 .fini          0x00000000080110a0        0x4 /Applications/STM32CubeIDE.app/Contents/Eclipse/plugins/com.st.stm32cube.ide.mcu.externaltools.gnu-tools-for-stm32.7-2018-q2-update.macos64_1.0.0.201904181610/tools/bin/../lib/gcc/arm-none-eabi/7.3.1/thumb/v7e-m/fpv5/hard/crti.o
                0x00000000080110a0                _fini
 .fini          0x00000000080110a4        0x8 /Applications/STM32CubeIDE.app/Contents/Eclipse/plugins/com.st.stm32cube.ide.mcu.externaltools.gnu-tools-for-stm32.7-2018-q2-update.macos64_1.0.0.201904181610/tools/bin/../lib/gcc/arm-none-eabi/7.3.1/thumb/v7e-m/fpv5/hard/crtn.o
                0x00000000080110ac                . = ALIGN (0x4)
                0x00000000080110ac                _etext = .

.vfp11_veneer   0x00000000080110ac        0x0
 .vfp11_veneer  0x00000000080110ac        0x0 linker stubs

.v4_bx          0x00000000080110ac        0x0
 .v4_bx         0x00000000080110ac        0x0 linker stubs

.iplt           0x00000000080110ac        0x0
 .iplt          0x00000000080110ac        0x0 /Applications/STM32CubeIDE.app/Contents/Eclipse/plugins/com.st.stm32cube.ide.mcu.externaltools.gnu-tools-for-stm32.7-2018-q2-update.macos64_1.0.0.201904181610/tools/bin/../lib/gcc/arm-none-eabi/7.3.1/thumb/v7e-m/fpv5/hard/crtbegin.o

.rodata         0x00000000080110ac       0x28
                0x00000000080110ac                . = ALIGN (0x4)
 *(.rodata)
 .rodata        0x00000000080110ac       0x10 Drivers/STM32H7xx_HAL_Driver/Src/stm32h7xx_hal_uart_ex.o
 *(.rodata*)
 .rodata.D1CorePrescTable
                0x00000000080110bc       0x10 Core/Src/system_stm32h7xx.o
                0x00000000080110bc                D1CorePrescTable
 .rodata.flagBitshiftOffset.13133
                0x00000000080110cc        0x8 Drivers/STM32H7xx_HAL_Driver/Src/stm32h7xx_hal_dma.o
                0x00000000080110d4                . = ALIGN (0x4)

.ARM.extab      0x00000000080110d4        0x0
                0x00000000080110d4                . = ALIGN (0x4)
 *(.ARM.extab* .gnu.linkonce.armextab.*)
                0x00000000080110d4                . = ALIGN (0x4)

.ARM            0x00000000080110d4        0x8
                0x00000000080110d4                . = ALIGN (0x4)
                0x00000000080110d4                __exidx_start = .
 *(.ARM.exidx*)
 .ARM.exidx     0x00000000080110d4        0x8 /Applications/STM32CubeIDE.app/Contents/Eclipse/plugins/com.st.stm32cube.ide.mcu.externaltools.gnu-tools-for-stm32.7-2018-q2-update.macos64_1.0.0.201904181610/tools/bin/../lib/gcc/arm-none-eabi/7.3.1/thumb/v7e-m/fpv5/hard/libgcc.a(_udivmoddi4.o)
                0x00000000080110dc                __exidx_end = .
                0x00000000080110dc                . = ALIGN (0x4)

.rel.dyn        0x00000000080110dc        0x0
 .rel.iplt      0x00000000080110dc        0x0 /Applications/STM32CubeIDE.app/Contents/Eclipse/plugins/com.st.stm32cube.ide.mcu.externaltools.gnu-tools-for-stm32.7-2018-q2-update.macos64_1.0.0.201904181610/tools/bin/../lib/gcc/arm-none-eabi/7.3.1/thumb/v7e-m/fpv5/hard/crtbegin.o

.preinit_array  0x00000000080110dc        0x0
                0x00000000080110dc                . = ALIGN (0x4)
                0x00000000080110dc                PROVIDE (__preinit_array_start = .)
 *(.preinit_array*)
                0x00000000080110dc                PROVIDE (__preinit_array_end = .)
                0x00000000080110dc                . = ALIGN (0x4)

.init_array     0x00000000080110dc        0x4
                0x00000000080110dc                . = ALIGN (0x4)
                0x00000000080110dc                PROVIDE (__init_array_start = .)
 *(SORT_BY_NAME(.init_array.*))
 *(.init_array*)
 .init_array    0x00000000080110dc        0x4 /Applications/STM32CubeIDE.app/Contents/Eclipse/plugins/com.st.stm32cube.ide.mcu.externaltools.gnu-tools-for-stm32.7-2018-q2-update.macos64_1.0.0.201904181610/tools/bin/../lib/gcc/arm-none-eabi/7.3.1/thumb/v7e-m/fpv5/hard/crtbegin.o
                0x00000000080110e0                PROVIDE (__init_array_end = .)
                0x00000000080110e0                . = ALIGN (0x4)

.fini_array     0x00000000080110e0        0x4
                0x00000000080110e0                . = ALIGN (0x4)
                [!provide]                        PROVIDE (__fini_array_start = .)
 *(SORT_BY_NAME(.fini_array.*))
 *(.fini_array*)
 .fini_array    0x00000000080110e0        0x4 /Applications/STM32CubeIDE.app/Contents/Eclipse/plugins/com.st.stm32cube.ide.mcu.externaltools.gnu-tools-for-stm32.7-2018-q2-update.macos64_1.0.0.201904181610/tools/bin/../lib/gcc/arm-none-eabi/7.3.1/thumb/v7e-m/fpv5/hard/crtbegin.o
                [!provide]                        PROVIDE (__fini_array_end = .)
                0x00000000080110e4                . = ALIGN (0x4)
                0x00000000080110e4                _sidata = LOADADDR (.data)

.data           0x0000000024000000       0x74 load address 0x00000000080110e4
                0x0000000024000000                . = ALIGN (0x4)
                0x0000000024000000                _sdata = .
 *(.data)
 *(.data*)
 .data.SystemCoreClock
                0x0000000024000000        0x4 Core/Src/system_stm32h7xx.o
                0x0000000024000000                SystemCoreClock
 .data.SystemD2Clock
                0x0000000024000004        0x4 Core/Src/system_stm32h7xx.o
                0x0000000024000004                SystemD2Clock
 .data.uwTickPrio
                0x0000000024000008        0x4 Drivers/STM32H7xx_HAL_Driver/Src/stm32h7xx_hal.o
                0x0000000024000008                uwTickPrio
 .data.uwTickFreq
                0x000000002400000c        0x1 Drivers/STM32H7xx_HAL_Driver/Src/stm32h7xx_hal.o
                0x000000002400000c                uwTickFreq
 *fill*         0x000000002400000d        0x3 
 .data._impure_ptr
                0x0000000024000010        0x4 /Applications/STM32CubeIDE.app/Contents/Eclipse/plugins/com.st.stm32cube.ide.mcu.externaltools.gnu-tools-for-stm32.7-2018-q2-update.macos64_1.0.0.201904181610/tools/bin/../lib/gcc/arm-none-eabi/7.3.1/../../../../arm-none-eabi/lib/thumb/v7e-m/fpv5/hard/libc_nano.a(lib_a-impure.o)
                0x0000000024000010                _impure_ptr
 .data.impure_data
                0x0000000024000014       0x60 /Applications/STM32CubeIDE.app/Contents/Eclipse/plugins/com.st.stm32cube.ide.mcu.externaltools.gnu-tools-for-stm32.7-2018-q2-update.macos64_1.0.0.201904181610/tools/bin/../lib/gcc/arm-none-eabi/7.3.1/../../../../arm-none-eabi/lib/thumb/v7e-m/fpv5/hard/libc_nano.a(lib_a-impure.o)
                0x0000000024000074                . = ALIGN (0x4)
                0x0000000024000074                _edata = .

.igot.plt       0x0000000024000074        0x0 load address 0x0000000008011158
 .igot.plt      0x0000000024000074        0x0 /Applications/STM32CubeIDE.app/Contents/Eclipse/plugins/com.st.stm32cube.ide.mcu.externaltools.gnu-tools-for-stm32.7-2018-q2-update.macos64_1.0.0.201904181610/tools/bin/../lib/gcc/arm-none-eabi/7.3.1/thumb/v7e-m/fpv5/hard/crtbegin.o

.RxDecripSection
                0x0000000024000074       0x60 load address 0x0000000008011158
 .RxDecripSection
                0x0000000024000074       0x60 Core/Src/main.o
                0x0000000024000074                DMARxDscrTab

.TxDecripSection
                0x00000000240000d4       0x60 load address 0x00000000080111b8
 .TxDecripSection
                0x00000000240000d4       0x60 Core/Src/main.o
                0x00000000240000d4                DMATxDscrTab
                0x0000000024000134                . = ALIGN (0x4)

.bss            0x0000000024000134      0x860 load address 0x0000000008011218
                0x0000000024000134                _sbss = .
                0x0000000024000134                __bss_start__ = _sbss
 *(.bss)
 .bss           0x0000000024000134       0x1c /Applications/STM32CubeIDE.app/Contents/Eclipse/plugins/com.st.stm32cube.ide.mcu.externaltools.gnu-tools-for-stm32.7-2018-q2-update.macos64_1.0.0.201904181610/tools/bin/../lib/gcc/arm-none-eabi/7.3.1/thumb/v7e-m/fpv5/hard/crtbegin.o
 *(.bss*)
 .bss.HAL_RCC_ADC12_CLK_ENABLED
                0x0000000024000150        0x4 Core/Src/stm32h7xx_hal_msp.o
 .bss.FMC_Initialized
                0x0000000024000154        0x4 Core/Src/stm32h7xx_hal_msp.o
 .bss.SAI1_client
                0x0000000024000158        0x4 Core/Src/stm32h7xx_hal_msp.o
 .bss.SAI2_client
                0x000000002400015c        0x4 Core/Src/stm32h7xx_hal_msp.o
 .bss.heap_end.6424
                0x0000000024000160        0x4 Core/Src/sysmem.o
 .bss.__malloc_free_list
                0x0000000024000164        0x4 /Applications/STM32CubeIDE.app/Contents/Eclipse/plugins/com.st.stm32cube.ide.mcu.externaltools.gnu-tools-for-stm32.7-2018-q2-update.macos64_1.0.0.201904181610/tools/bin/../lib/gcc/arm-none-eabi/7.3.1/../../../../arm-none-eabi/lib/thumb/v7e-m/fpv5/hard/libc_nano.a(lib_a-nano-mallocr.o)
                0x0000000024000164                __malloc_free_list
 .bss.__malloc_sbrk_start
                0x0000000024000168        0x4 /Applications/STM32CubeIDE.app/Contents/Eclipse/plugins/com.st.stm32cube.ide.mcu.externaltools.gnu-tools-for-stm32.7-2018-q2-update.macos64_1.0.0.201904181610/tools/bin/../lib/gcc/arm-none-eabi/7.3.1/../../../../arm-none-eabi/lib/thumb/v7e-m/fpv5/hard/libc_nano.a(lib_a-nano-mallocr.o)
                0x0000000024000168                __malloc_sbrk_start
 *(COMMON)
 COMMON         0x000000002400016c      0x7e0 Core/Src/main.o
                0x000000002400016c                hsai_BlockB2
                0x0000000024000204                hdma_sai2_b
                0x000000002400027c                hadc2
                0x00000000240002e0                hi2c1
                0x000000002400032c                hi2c2
                0x0000000024000378                hsd1
                0x00000000240003f8                hdma_adc3
                0x0000000024000470                hdma_sai1_a
                0x00000000240004e8                hadc1
                0x000000002400054c                hadc3
                0x00000000240005b0                huart6
                0x000000002400063c                hspi1
                0x00000000240006c4                hsai_BlockA1
                0x000000002400075c                hsdram1
                0x0000000024000790                hdma_spi2_tx
                0x0000000024000808                heth
                0x0000000024000878                TxConfig
                0x00000000240008ac                hi2s2
                0x0000000024000900                hqspi
 COMMON         0x000000002400094c       0x40 Core/Src/stm32h7xx_hal_timebase_tim.o
                0x000000002400094c                htim6
 COMMON         0x000000002400098c        0x4 Drivers/STM32H7xx_HAL_Driver/Src/stm32h7xx_hal.o
                0x000000002400098c                uwTick
 COMMON         0x0000000024000990        0x4 /Applications/STM32CubeIDE.app/Contents/Eclipse/plugins/com.st.stm32cube.ide.mcu.externaltools.gnu-tools-for-stm32.7-2018-q2-update.macos64_1.0.0.201904181610/tools/bin/../lib/gcc/arm-none-eabi/7.3.1/../../../../arm-none-eabi/lib/thumb/v7e-m/fpv5/hard/libc_nano.a(lib_a-reent.o)
                0x0000000024000990                errno
                0x0000000024000994                . = ALIGN (0x4)
                0x0000000024000994                _ebss = .
                0x0000000024000994                __bss_end__ = _ebss

._user_heap_stack
                0x0000000024000994     0x2904 load address 0x0000000008011218
                0x0000000024000998                . = ALIGN (0x8)
 *fill*         0x0000000024000994        0x4 
                0x0000000024000998                PROVIDE (end = .)
                [!provide]                        PROVIDE (_end = .)
                0x0000000024001998                . = (. + _Min_Heap_Size)
 *fill*         0x0000000024000998     0x1000 
                0x0000000024003298                . = (. + _Min_Stack_Size)
 *fill*         0x0000000024001998     0x1900 
                0x0000000024003298                . = ALIGN (0x8)

/DISCARD/
 libc.a(*)
 libm.a(*)
 libgcc.a(*)

.ARM.attributes
                0x0000000000000000       0x2e
 *(.ARM.attributes)
 .ARM.attributes
                0x0000000000000000       0x20 /Applications/STM32CubeIDE.app/Contents/Eclipse/plugins/com.st.stm32cube.ide.mcu.externaltools.gnu-tools-for-stm32.7-2018-q2-update.macos64_1.0.0.201904181610/tools/bin/../lib/gcc/arm-none-eabi/7.3.1/thumb/v7e-m/fpv5/hard/crti.o
 .ARM.attributes
                0x0000000000000020       0x32 /Applications/STM32CubeIDE.app/Contents/Eclipse/plugins/com.st.stm32cube.ide.mcu.externaltools.gnu-tools-for-stm32.7-2018-q2-update.macos64_1.0.0.201904181610/tools/bin/../lib/gcc/arm-none-eabi/7.3.1/thumb/v7e-m/fpv5/hard/crtbegin.o
 .ARM.attributes
                0x0000000000000052       0x37 Core/Src/main.o
 .ARM.attributes
                0x0000000000000089       0x37 Core/Src/stm32h7xx_hal_msp.o
 .ARM.attributes
                0x00000000000000c0       0x37 Core/Src/stm32h7xx_hal_timebase_tim.o
 .ARM.attributes
                0x00000000000000f7       0x37 Core/Src/stm32h7xx_it.o
 .ARM.attributes
                0x000000000000012e       0x37 Core/Src/sysmem.o
 .ARM.attributes
                0x0000000000000165       0x37 Core/Src/system_stm32h7xx.o
 .ARM.attributes
                0x000000000000019c       0x21 Core/Startup/startup_stm32h750ibkx.o
 .ARM.attributes
                0x00000000000001bd       0x37 Drivers/STM32H7xx_HAL_Driver/Src/stm32h7xx_hal.o
 .ARM.attributes
                0x00000000000001f4       0x37 Drivers/STM32H7xx_HAL_Driver/Src/stm32h7xx_hal_adc.o
 .ARM.attributes
                0x000000000000022b       0x37 Drivers/STM32H7xx_HAL_Driver/Src/stm32h7xx_hal_adc_ex.o
 .ARM.attributes
                0x0000000000000262       0x37 Drivers/STM32H7xx_HAL_Driver/Src/stm32h7xx_hal_cortex.o
 .ARM.attributes
                0x0000000000000299       0x37 Drivers/STM32H7xx_HAL_Driver/Src/stm32h7xx_hal_dma.o
 .ARM.attributes
                0x00000000000002d0       0x37 Drivers/STM32H7xx_HAL_Driver/Src/stm32h7xx_hal_dma_ex.o
 .ARM.attributes
                0x0000000000000307       0x37 Drivers/STM32H7xx_HAL_Driver/Src/stm32h7xx_hal_eth.o
 .ARM.attributes
                0x000000000000033e       0x37 Drivers/STM32H7xx_HAL_Driver/Src/stm32h7xx_hal_gpio.o
 .ARM.attributes
                0x0000000000000375       0x37 Drivers/STM32H7xx_HAL_Driver/Src/stm32h7xx_hal_i2c.o
 .ARM.attributes
                0x00000000000003ac       0x37 Drivers/STM32H7xx_HAL_Driver/Src/stm32h7xx_hal_i2c_ex.o
 .ARM.attributes
                0x00000000000003e3       0x37 Drivers/STM32H7xx_HAL_Driver/Src/stm32h7xx_hal_i2s.o
 .ARM.attributes
                0x000000000000041a       0x37 Drivers/STM32H7xx_HAL_Driver/Src/stm32h7xx_hal_pwr.o
 .ARM.attributes
                0x0000000000000451       0x37 Drivers/STM32H7xx_HAL_Driver/Src/stm32h7xx_hal_pwr_ex.o
 .ARM.attributes
                0x0000000000000488       0x37 Drivers/STM32H7xx_HAL_Driver/Src/stm32h7xx_hal_qspi.o
 .ARM.attributes
                0x00000000000004bf       0x37 Drivers/STM32H7xx_HAL_Driver/Src/stm32h7xx_hal_rcc.o
 .ARM.attributes
                0x00000000000004f6       0x37 Drivers/STM32H7xx_HAL_Driver/Src/stm32h7xx_hal_rcc_ex.o
 .ARM.attributes
                0x000000000000052d       0x37 Drivers/STM32H7xx_HAL_Driver/Src/stm32h7xx_hal_sai.o
 .ARM.attributes
                0x0000000000000564       0x37 Drivers/STM32H7xx_HAL_Driver/Src/stm32h7xx_hal_sd.o
 .ARM.attributes
                0x000000000000059b       0x37 Drivers/STM32H7xx_HAL_Driver/Src/stm32h7xx_hal_sdram.o
 .ARM.attributes
                0x00000000000005d2       0x37 Drivers/STM32H7xx_HAL_Driver/Src/stm32h7xx_hal_spi.o
 .ARM.attributes
                0x0000000000000609       0x37 Drivers/STM32H7xx_HAL_Driver/Src/stm32h7xx_hal_tim.o
 .ARM.attributes
                0x0000000000000640       0x37 Drivers/STM32H7xx_HAL_Driver/Src/stm32h7xx_hal_tim_ex.o
 .ARM.attributes
                0x0000000000000677       0x37 Drivers/STM32H7xx_HAL_Driver/Src/stm32h7xx_hal_uart.o
 .ARM.attributes
                0x00000000000006ae       0x37 Drivers/STM32H7xx_HAL_Driver/Src/stm32h7xx_hal_uart_ex.o
 .ARM.attributes
                0x00000000000006e5       0x37 Drivers/STM32H7xx_HAL_Driver/Src/stm32h7xx_ll_fmc.o
 .ARM.attributes
                0x000000000000071c       0x37 Drivers/STM32H7xx_HAL_Driver/Src/stm32h7xx_ll_sdmmc.o
 .ARM.attributes
                0x0000000000000753       0x32 /Applications/STM32CubeIDE.app/Contents/Eclipse/plugins/com.st.stm32cube.ide.mcu.externaltools.gnu-tools-for-stm32.7-2018-q2-update.macos64_1.0.0.201904181610/tools/bin/../lib/gcc/arm-none-eabi/7.3.1/../../../../arm-none-eabi/lib/thumb/v7e-m/fpv5/hard/libc_nano.a(lib_a-errno.o)
 .ARM.attributes
                0x0000000000000785       0x32 /Applications/STM32CubeIDE.app/Contents/Eclipse/plugins/com.st.stm32cube.ide.mcu.externaltools.gnu-tools-for-stm32.7-2018-q2-update.macos64_1.0.0.201904181610/tools/bin/../lib/gcc/arm-none-eabi/7.3.1/../../../../arm-none-eabi/lib/thumb/v7e-m/fpv5/hard/libc_nano.a(lib_a-impure.o)
 .ARM.attributes
                0x00000000000007b7       0x32 /Applications/STM32CubeIDE.app/Contents/Eclipse/plugins/com.st.stm32cube.ide.mcu.externaltools.gnu-tools-for-stm32.7-2018-q2-update.macos64_1.0.0.201904181610/tools/bin/../lib/gcc/arm-none-eabi/7.3.1/../../../../arm-none-eabi/lib/thumb/v7e-m/fpv5/hard/libc_nano.a(lib_a-init.o)
 .ARM.attributes
                0x00000000000007e9       0x32 /Applications/STM32CubeIDE.app/Contents/Eclipse/plugins/com.st.stm32cube.ide.mcu.externaltools.gnu-tools-for-stm32.7-2018-q2-update.macos64_1.0.0.201904181610/tools/bin/../lib/gcc/arm-none-eabi/7.3.1/../../../../arm-none-eabi/lib/thumb/v7e-m/fpv5/hard/libc_nano.a(lib_a-memset.o)
 .ARM.attributes
                0x000000000000081b       0x32 /Applications/STM32CubeIDE.app/Contents/Eclipse/plugins/com.st.stm32cube.ide.mcu.externaltools.gnu-tools-for-stm32.7-2018-q2-update.macos64_1.0.0.201904181610/tools/bin/../lib/gcc/arm-none-eabi/7.3.1/../../../../arm-none-eabi/lib/thumb/v7e-m/fpv5/hard/libc_nano.a(lib_a-rand.o)
 .ARM.attributes
                0x000000000000084d       0x32 /Applications/STM32CubeIDE.app/Contents/Eclipse/plugins/com.st.stm32cube.ide.mcu.externaltools.gnu-tools-for-stm32.7-2018-q2-update.macos64_1.0.0.201904181610/tools/bin/../lib/gcc/arm-none-eabi/7.3.1/../../../../arm-none-eabi/lib/thumb/v7e-m/fpv5/hard/libc_nano.a(lib_a-malloc.o)
 .ARM.attributes
                0x000000000000087f       0x32 /Applications/STM32CubeIDE.app/Contents/Eclipse/plugins/com.st.stm32cube.ide.mcu.externaltools.gnu-tools-for-stm32.7-2018-q2-update.macos64_1.0.0.201904181610/tools/bin/../lib/gcc/arm-none-eabi/7.3.1/../../../../arm-none-eabi/lib/thumb/v7e-m/fpv5/hard/libc_nano.a(lib_a-nano-mallocr.o)
 .ARM.attributes
                0x00000000000008b1       0x32 /Applications/STM32CubeIDE.app/Contents/Eclipse/plugins/com.st.stm32cube.ide.mcu.externaltools.gnu-tools-for-stm32.7-2018-q2-update.macos64_1.0.0.201904181610/tools/bin/../lib/gcc/arm-none-eabi/7.3.1/../../../../arm-none-eabi/lib/thumb/v7e-m/fpv5/hard/libc_nano.a(lib_a-sbrkr.o)
 .ARM.attributes
                0x00000000000008e3       0x32 /Applications/STM32CubeIDE.app/Contents/Eclipse/plugins/com.st.stm32cube.ide.mcu.externaltools.gnu-tools-for-stm32.7-2018-q2-update.macos64_1.0.0.201904181610/tools/bin/../lib/gcc/arm-none-eabi/7.3.1/../../../../arm-none-eabi/lib/thumb/v7e-m/fpv5/hard/libc_nano.a(lib_a-mlock.o)
 .ARM.attributes
                0x0000000000000915       0x32 /Applications/STM32CubeIDE.app/Contents/Eclipse/plugins/com.st.stm32cube.ide.mcu.externaltools.gnu-tools-for-stm32.7-2018-q2-update.macos64_1.0.0.201904181610/tools/bin/../lib/gcc/arm-none-eabi/7.3.1/../../../../arm-none-eabi/lib/thumb/v7e-m/fpv5/hard/libc_nano.a(lib_a-reent.o)
 .ARM.attributes
                0x0000000000000947       0x20 /Applications/STM32CubeIDE.app/Contents/Eclipse/plugins/com.st.stm32cube.ide.mcu.externaltools.gnu-tools-for-stm32.7-2018-q2-update.macos64_1.0.0.201904181610/tools/bin/../lib/gcc/arm-none-eabi/7.3.1/thumb/v7e-m/fpv5/hard/libgcc.a(_aeabi_uldivmod.o)
 .ARM.attributes
                0x0000000000000967       0x32 /Applications/STM32CubeIDE.app/Contents/Eclipse/plugins/com.st.stm32cube.ide.mcu.externaltools.gnu-tools-for-stm32.7-2018-q2-update.macos64_1.0.0.201904181610/tools/bin/../lib/gcc/arm-none-eabi/7.3.1/thumb/v7e-m/fpv5/hard/libgcc.a(_udivmoddi4.o)
 .ARM.attributes
                0x0000000000000999       0x20 /Applications/STM32CubeIDE.app/Contents/Eclipse/plugins/com.st.stm32cube.ide.mcu.externaltools.gnu-tools-for-stm32.7-2018-q2-update.macos64_1.0.0.201904181610/tools/bin/../lib/gcc/arm-none-eabi/7.3.1/thumb/v7e-m/fpv5/hard/libgcc.a(_dvmd_tls.o)
 .ARM.attributes
                0x00000000000009b9       0x20 /Applications/STM32CubeIDE.app/Contents/Eclipse/plugins/com.st.stm32cube.ide.mcu.externaltools.gnu-tools-for-stm32.7-2018-q2-update.macos64_1.0.0.201904181610/tools/bin/../lib/gcc/arm-none-eabi/7.3.1/thumb/v7e-m/fpv5/hard/crtn.o
OUTPUT(STM32CubeMX.elf elf32-littlearm)

.debug_info     0x0000000000000000    0x3de5a
 .debug_info    0x0000000000000000     0x5520 Core/Src/main.o
 .debug_info    0x0000000000005520     0x488e Core/Src/stm32h7xx_hal_msp.o
 .debug_info    0x0000000000009dae     0x1891 Core/Src/stm32h7xx_hal_timebase_tim.o
 .debug_info    0x000000000000b63f     0x1e18 Core/Src/stm32h7xx_it.o
 .debug_info    0x000000000000d457      0x91c Core/Src/sysmem.o
 .debug_info    0x000000000000dd73     0x1418 Core/Src/system_stm32h7xx.o
 .debug_info    0x000000000000f18b       0x22 Core/Startup/startup_stm32h750ibkx.o
 .debug_info    0x000000000000f1ad     0x1df5 Drivers/STM32H7xx_HAL_Driver/Src/stm32h7xx_hal.o
 .debug_info    0x0000000000010fa2     0x25a1 Drivers/STM32H7xx_HAL_Driver/Src/stm32h7xx_hal_adc.o
 .debug_info    0x0000000000013543     0x26d6 Drivers/STM32H7xx_HAL_Driver/Src/stm32h7xx_hal_adc_ex.o
 .debug_info    0x0000000000015c19     0x1a7a Drivers/STM32H7xx_HAL_Driver/Src/stm32h7xx_hal_cortex.o
 .debug_info    0x0000000000017693     0x14f6 Drivers/STM32H7xx_HAL_Driver/Src/stm32h7xx_hal_dma.o
 .debug_info    0x0000000000018b89     0x11e6 Drivers/STM32H7xx_HAL_Driver/Src/stm32h7xx_hal_dma_ex.o
 .debug_info    0x0000000000019d6f     0x2efa Drivers/STM32H7xx_HAL_Driver/Src/stm32h7xx_hal_eth.o
 .debug_info    0x000000000001cc69     0x1640 Drivers/STM32H7xx_HAL_Driver/Src/stm32h7xx_hal_gpio.o
 .debug_info    0x000000000001e2a9     0x2a0f Drivers/STM32H7xx_HAL_Driver/Src/stm32h7xx_hal_i2c.o
 .debug_info    0x0000000000020cb8     0x1714 Drivers/STM32H7xx_HAL_Driver/Src/stm32h7xx_hal_i2c_ex.o
 .debug_info    0x00000000000223cc     0x17af Drivers/STM32H7xx_HAL_Driver/Src/stm32h7xx_hal_i2s.o
 .debug_info    0x0000000000023b7b     0x12b8 Drivers/STM32H7xx_HAL_Driver/Src/stm32h7xx_hal_pwr.o
 .debug_info    0x0000000000024e33     0x1915 Drivers/STM32H7xx_HAL_Driver/Src/stm32h7xx_hal_pwr_ex.o
 .debug_info    0x0000000000026748     0x1b92 Drivers/STM32H7xx_HAL_Driver/Src/stm32h7xx_hal_qspi.o
 .debug_info    0x00000000000282da     0x177e Drivers/STM32H7xx_HAL_Driver/Src/stm32h7xx_hal_rcc.o
 .debug_info    0x0000000000029a58     0x18d9 Drivers/STM32H7xx_HAL_Driver/Src/stm32h7xx_hal_rcc_ex.o
 .debug_info    0x000000000002b331     0x1c7e Drivers/STM32H7xx_HAL_Driver/Src/stm32h7xx_hal_sai.o
 .debug_info    0x000000000002cfaf     0x219e Drivers/STM32H7xx_HAL_Driver/Src/stm32h7xx_hal_sd.o
 .debug_info    0x000000000002f14d     0x186e Drivers/STM32H7xx_HAL_Driver/Src/stm32h7xx_hal_sdram.o
 .debug_info    0x00000000000309bb     0x1da0 Drivers/STM32H7xx_HAL_Driver/Src/stm32h7xx_hal_spi.o
 .debug_info    0x000000000003275b     0x3050 Drivers/STM32H7xx_HAL_Driver/Src/stm32h7xx_hal_tim.o
 .debug_info    0x00000000000357ab     0x1d08 Drivers/STM32H7xx_HAL_Driver/Src/stm32h7xx_hal_tim_ex.o
 .debug_info    0x00000000000374b3     0x2478 Drivers/STM32H7xx_HAL_Driver/Src/stm32h7xx_hal_uart.o
 .debug_info    0x000000000003992b     0x1483 Drivers/STM32H7xx_HAL_Driver/Src/stm32h7xx_hal_uart_ex.o
 .debug_info    0x000000000003adae     0x1569 Drivers/STM32H7xx_HAL_Driver/Src/stm32h7xx_ll_fmc.o
 .debug_info    0x000000000003c317     0x1b43 Drivers/STM32H7xx_HAL_Driver/Src/stm32h7xx_ll_sdmmc.o

.debug_abbrev   0x0000000000000000     0x549d
 .debug_abbrev  0x0000000000000000      0x341 Core/Src/main.o
 .debug_abbrev  0x0000000000000341      0x2ac Core/Src/stm32h7xx_hal_msp.o
 .debug_abbrev  0x00000000000005ed      0x23d Core/Src/stm32h7xx_hal_timebase_tim.o
 .debug_abbrev  0x000000000000082a      0x1ff Core/Src/stm32h7xx_it.o
 .debug_abbrev  0x0000000000000a29      0x1bb Core/Src/sysmem.o
 .debug_abbrev  0x0000000000000be4      0x28c Core/Src/system_stm32h7xx.o
 .debug_abbrev  0x0000000000000e70       0x12 Core/Startup/startup_stm32h750ibkx.o
 .debug_abbrev  0x0000000000000e82      0x2db Drivers/STM32H7xx_HAL_Driver/Src/stm32h7xx_hal.o
 .debug_abbrev  0x000000000000115d      0x2c8 Drivers/STM32H7xx_HAL_Driver/Src/stm32h7xx_hal_adc.o
 .debug_abbrev  0x0000000000001425      0x306 Drivers/STM32H7xx_HAL_Driver/Src/stm32h7xx_hal_adc_ex.o
 .debug_abbrev  0x000000000000172b      0x3b5 Drivers/STM32H7xx_HAL_Driver/Src/stm32h7xx_hal_cortex.o
 .debug_abbrev  0x0000000000001ae0      0x289 Drivers/STM32H7xx_HAL_Driver/Src/stm32h7xx_hal_dma.o
 .debug_abbrev  0x0000000000001d69      0x266 Drivers/STM32H7xx_HAL_Driver/Src/stm32h7xx_hal_dma_ex.o
 .debug_abbrev  0x0000000000001fcf      0x2e2 Drivers/STM32H7xx_HAL_Driver/Src/stm32h7xx_hal_eth.o
 .debug_abbrev  0x00000000000022b1      0x28f Drivers/STM32H7xx_HAL_Driver/Src/stm32h7xx_hal_gpio.o
 .debug_abbrev  0x0000000000002540      0x2ac Drivers/STM32H7xx_HAL_Driver/Src/stm32h7xx_hal_i2c.o
 .debug_abbrev  0x00000000000027ec      0x266 Drivers/STM32H7xx_HAL_Driver/Src/stm32h7xx_hal_i2c_ex.o
 .debug_abbrev  0x0000000000002a52      0x294 Drivers/STM32H7xx_HAL_Driver/Src/stm32h7xx_hal_i2s.o
 .debug_abbrev  0x0000000000002ce6      0x251 Drivers/STM32H7xx_HAL_Driver/Src/stm32h7xx_hal_pwr.o
 .debug_abbrev  0x0000000000002f37      0x311 Drivers/STM32H7xx_HAL_Driver/Src/stm32h7xx_hal_pwr_ex.o
 .debug_abbrev  0x0000000000003248      0x2ac Drivers/STM32H7xx_HAL_Driver/Src/stm32h7xx_hal_qspi.o
 .debug_abbrev  0x00000000000034f4      0x2e2 Drivers/STM32H7xx_HAL_Driver/Src/stm32h7xx_hal_rcc.o
 .debug_abbrev  0x00000000000037d6      0x2c3 Drivers/STM32H7xx_HAL_Driver/Src/stm32h7xx_hal_rcc_ex.o
 .debug_abbrev  0x0000000000003a99      0x2b3 Drivers/STM32H7xx_HAL_Driver/Src/stm32h7xx_hal_sai.o
 .debug_abbrev  0x0000000000003d4c      0x2bf Drivers/STM32H7xx_HAL_Driver/Src/stm32h7xx_hal_sd.o
 .debug_abbrev  0x000000000000400b      0x273 Drivers/STM32H7xx_HAL_Driver/Src/stm32h7xx_hal_sdram.o
 .debug_abbrev  0x000000000000427e      0x2d5 Drivers/STM32H7xx_HAL_Driver/Src/stm32h7xx_hal_spi.o
 .debug_abbrev  0x0000000000004553      0x2bd Drivers/STM32H7xx_HAL_Driver/Src/stm32h7xx_hal_tim.o
 .debug_abbrev  0x0000000000004810      0x2ab Drivers/STM32H7xx_HAL_Driver/Src/stm32h7xx_hal_tim_ex.o
 .debug_abbrev  0x0000000000004abb      0x2ae Drivers/STM32H7xx_HAL_Driver/Src/stm32h7xx_hal_uart.o
 .debug_abbrev  0x0000000000004d69      0x26f Drivers/STM32H7xx_HAL_Driver/Src/stm32h7xx_hal_uart_ex.o
 .debug_abbrev  0x0000000000004fd8      0x23f Drivers/STM32H7xx_HAL_Driver/Src/stm32h7xx_ll_fmc.o
 .debug_abbrev  0x0000000000005217      0x286 Drivers/STM32H7xx_HAL_Driver/Src/stm32h7xx_ll_sdmmc.o

.debug_aranges  0x0000000000000000     0x2538
 .debug_aranges
                0x0000000000000000       0xd0 Core/Src/main.o
 .debug_aranges
                0x00000000000000d0       0xd0 Core/Src/stm32h7xx_hal_msp.o
 .debug_aranges
                0x00000000000001a0       0x30 Core/Src/stm32h7xx_hal_timebase_tim.o
 .debug_aranges
                0x00000000000001d0       0xb0 Core/Src/stm32h7xx_it.o
 .debug_aranges
                0x0000000000000280       0x20 Core/Src/sysmem.o
 .debug_aranges
                0x00000000000002a0       0x30 Core/Src/system_stm32h7xx.o
 .debug_aranges
                0x00000000000002d0       0x28 Core/Startup/startup_stm32h750ibkx.o
 .debug_aranges
                0x00000000000002f8      0x1b8 Drivers/STM32H7xx_HAL_Driver/Src/stm32h7xx_hal.o
 .debug_aranges
                0x00000000000004b0      0x228 Drivers/STM32H7xx_HAL_Driver/Src/stm32h7xx_hal_adc.o
 .debug_aranges
                0x00000000000006d8      0x1e0 Drivers/STM32H7xx_HAL_Driver/Src/stm32h7xx_hal_adc_ex.o
 .debug_aranges
                0x00000000000008b8      0x120 Drivers/STM32H7xx_HAL_Driver/Src/stm32h7xx_hal_cortex.o
 .debug_aranges
                0x00000000000009d8       0xa0 Drivers/STM32H7xx_HAL_Driver/Src/stm32h7xx_hal_dma.o
 .debug_aranges
                0x0000000000000a78       0x60 Drivers/STM32H7xx_HAL_Driver/Src/stm32h7xx_hal_dma_ex.o
 .debug_aranges
                0x0000000000000ad8      0x1b0 Drivers/STM32H7xx_HAL_Driver/Src/stm32h7xx_hal_eth.o
 .debug_aranges
                0x0000000000000c88       0x58 Drivers/STM32H7xx_HAL_Driver/Src/stm32h7xx_hal_gpio.o
 .debug_aranges
                0x0000000000000ce0      0x288 Drivers/STM32H7xx_HAL_Driver/Src/stm32h7xx_hal_i2c.o
 .debug_aranges
                0x0000000000000f68       0x48 Drivers/STM32H7xx_HAL_Driver/Src/stm32h7xx_hal_i2c_ex.o
 .debug_aranges
                0x0000000000000fb0      0x110 Drivers/STM32H7xx_HAL_Driver/Src/stm32h7xx_hal_i2s.o
 .debug_aranges
                0x00000000000010c0       0xa0 Drivers/STM32H7xx_HAL_Driver/Src/stm32h7xx_hal_pwr.o
 .debug_aranges
                0x0000000000001160      0x158 Drivers/STM32H7xx_HAL_Driver/Src/stm32h7xx_hal_pwr_ex.o
 .debug_aranges
                0x00000000000012b8      0x148 Drivers/STM32H7xx_HAL_Driver/Src/stm32h7xx_hal_qspi.o
 .debug_aranges
                0x0000000000001400       0x88 Drivers/STM32H7xx_HAL_Driver/Src/stm32h7xx_hal_rcc.o
 .debug_aranges