core_cm7.h:2229:22:SCB_EnableICache	4	static,ignoring_inline_asm
core_cm7.h:2281:22:SCB_EnableDCache	24	static,ignoring_inline_asm
main.c:134:5:main	112	static
main.c:249:6:SystemClock_Config	336	static
main.c:358:13:MX_ADC1_Init	48	static
main.c:422:13:MX_ADC2_Init	40	static
main.c:478:13:MX_ADC3_Init	40	static
main.c:541:13:MX_ETH_Init	8	static
main.c:587:13:MX_I2C1_Init	8	static
main.c:633:13:MX_I2C2_Init	8	static
main.c:679:13:MX_I2S2_Init	8	static
main.c:715:13:MX_QUADSPI_Init	8	static
main.c:750:13:MX_SAI1_Init	8	static
main.c:802:13:MX_SAI2_Init	8	static
main.c:839:13:MX_SDMMC1_SD_Init	8	static
main.c:871:13:MX_SPI1_Init	8	static
main.c:919:13:MX_USART6_UART_Init	8	static
main.c:965:13:MX_BDMA_Init	16	static
main.c:981:13:MX_DMA_Init	16	static
main.c:1004:13:MX_FMC_Init	40	static
main.c:1055:13:MX_GPIO_Init	64	static
main.c:1160:6:HAL_TIM_PeriodElapsedCallback	16	static
main.c:1177:6:Error_Handler	4	static
