stm32h7xx_hal_msp.c:67:6:HAL_MspInit	16	static
stm32h7xx_hal_msp.c:90:6:HAL_ADC_MspInit	72	static
stm32h7xx_hal_msp.c:211:6:HAL_ADC_MspDeInit	16	static
stm32h7xx_hal_msp.c:291:6:HAL_ETH_MspInit	64	static
stm32h7xx_hal_msp.c:352:6:HAL_ETH_MspDeInit	16	static
stm32h7xx_hal_msp.c:394:6:HAL_I2C_MspInit	56	static
stm32h7xx_hal_msp.c:459:6:HAL_I2C_MspDeInit	16	static
stm32h7xx_hal_msp.c:509:6:HAL_I2S_MspInit	56	static
stm32h7xx_hal_msp.c:589:6:HAL_I2S_MspDeInit	16	static
stm32h7xx_hal_msp.c:630:6:HAL_QSPI_MspInit	56	static
stm32h7xx_hal_msp.c:693:6:HAL_QSPI_MspDeInit	16	static
stm32h7xx_hal_msp.c:730:6:HAL_SD_MspInit	48	static
stm32h7xx_hal_msp.c:779:6:HAL_SD_MspDeInit	16	static
stm32h7xx_hal_msp.c:815:6:HAL_SPI_MspInit	48	static
stm32h7xx_hal_msp.c:868:6:HAL_SPI_MspDeInit	16	static
stm32h7xx_hal_msp.c:901:6:HAL_UART_MspInit	48	static
stm32h7xx_hal_msp.c:948:6:HAL_UART_MspDeInit	16	static
stm32h7xx_hal_msp.c:977:13:HAL_FMC_MspInit	32	static
stm32h7xx_hal_msp.c:1107:6:HAL_SDRAM_MspInit	16	static
stm32h7xx_hal_msp.c:1119:13:HAL_FMC_MspDeInit	8	static
stm32h7xx_hal_msp.c:1217:6:HAL_SDRAM_MspDeInit	16	static
stm32h7xx_hal_msp.c:1234:6:HAL_SAI_MspInit	64	static
stm32h7xx_hal_msp.c:1354:6:HAL_SAI_MspDeInit	16	static
